Microchip MPLAB XC8 Compiler V3.00

Linker command line:

-W-3 \
  --edf=C:\Program Files\Microchip\xc8\v3.00\pic\dat\20241204225717_en.msgs \
  -cn -h+dist/default/production\Practica2FA.X.production.sym \
  --cmf=dist/default/production\Practica2FA.X.production.cmf -z -Q18F4321 \
  -oC:\Users\gerar\AppData\Local\Temp\xcAs1m0.\driver_tmp_3.o \
  --defsym=__MPLAB_BUILD=1 --fixupoverflow=error \
  -Mdist/default/production/Practica2FA.X.production.map \
  --md=C:\Users\gerar\AppData\Local\Temp\xcAs1m0.\driver_tmp_0.dat -E1 \
  -ver=XC8 Compiler -ACODE=00h-01FFFh -ACONST=00h-01FFFh \
  -ASMALLCONST=0200h-02FFhx30 -AMEDIUMCONST=0200h-01FFFh -ACOMRAM=01h-07Fh \
  -AABS1=00h-01FFh -ABIGRAM=01h-01FFh -ARAM=080h-0FFh,0100h-01FFh \
  -ABANK0=080h-0FFh -ABANK1=0100h-01FFh -ASFR=0F80h-0FFFh \
  -ABIGSFR=0F80h-0FFFh -ACONFIG=0300000h-030000Dh -AIDLOC=0200000h-0200007h \
  -AEEDATA=0F00000h-0F000FFh -peeprom_data=EEDATA \
  -preset_vec=00h,intcode=8h,intcodelo=18h,sivt_lo,sivt_hi=CODE \
  -ppowerup=CODE,init -pramtop=0200h -psmallconst=SMALLCONST \
  -pmediumconst=MEDIUMCONST -pconst=CONST -AFARRAM=00h-00h \
  -prdata=COMRAM,nvrram=COMRAM,nvbit=COMRAM,rbss=COMRAM,rbit=COMRAM \
  -pfarbss=FARRAM,fardata=FARRAM,nvFARRAM=FARRAM \
  -pintsave_regs=BIGRAM,bigbss=BIGRAM,bigdata=BIGRAM -pbss=RAM \
  -pidata=CODE,irdata=CODE,ibigdata=CODE,ifardata=CODE -prparam=COMRAM \
  C:\Users\gerar\AppData\Local\Temp\xcAs1m0.\driver_tmp_14.o \
  dist/default/production\Practica2FA.X.production.o 

Object code version is 3.11

Machine type is 18F4321



                Name                               Link     Load   Length Selector   Space Scale
C:\Users\gerar\AppData\Local\Temp\xcAs1m0.\driver_tmp_14.o
                idloc                            200000   200000        8        0       5
                config                           300000   300000        E        0       4
                init                                 26       26        4        C       0
                reset_vec                             0        0        4        0       0
dist/default/production\Practica2FA.X.production.o
                intcodelo                            18       18        E        C       0
                intcode                               8        8        6        4       0
                idloc                            200000   200000        8        0       5
                config                           300000   300000        E        0       4
                temp                                 74       74        1        1       1
                smallconst                          200      200       E6      100       0
                text41                              FD8      FD8       18      173       0
                intcode_body                        FF0      FF0       16      173       0
                text38                              EB8      EB8       34      173       0
                text37                             1042     1042       12      173       0
                text36                             106C     106C        C      173       0
                text35                              B10      B10       8A      173       0
                text34                              E1A      E1A       36      173       0
                text33                              A68      A68       A8      173       0
                text32                              FBE      FBE       1A      173       0
                text31                             1060     1060        C      173       0
                text30                             102E     102E       14      173       0
                text29                             1054     1054        C      173       0
                text28                              EEC      EEC       2A      173       0
                text27                              D42      D42       4E      173       0
                text26                             1078     1078        A      173       0
                text25                              CEC      CEC       56      173       0
                text24                             108A     108A        8      173       0
                text23                             101A     101A       14      173       0
                text22                              78A      78A       C4      173       0
                text21                             1092     1092        6      173       0
                text20                              D90      D90       4C      173       0
                text19                              F60      F60       24      173       0
                text18                             1082     1082        8      173       0
                text17                              FA2      FA2       1C      173       0
                text16                              C1C      C1C       74      173       0
                text15                              84E      84E       C2      173       0
                text14                              910      910       AE      173       0
                text13                              E84      E84       34      173       0
                text12                             109C     109C        2      173       0
                text11                              9BE      9BE       AA      173       0
                text10                              4FC      4FC      1B8      173       0
                text9                               DDC      DDC       3E      173       0
                text8                               E50      E50       34      173       0
                text7                               F84      F84       1E      173       0
                text6                               C90      C90       5C      173       0
                text5                               2E6      2E6      216      173       0
                text4                              1006     1006       14      173       0
                text3                              1098     1098        4      173       0
                text2                               B9A      B9A       82      173       0
                text1                               6B4      6B4       D6      173       0
                text0                               F3C      F3C       24      173       0
                cstackCOMRAM                          1        1       4A        1       1
                bssBANK0                             80       80       20       80       1
                bssCOMRAM                            4B       4B       29        1       1
                cinit                               F16      F16       26      173       0

TOTAL           Name                               Link     Load   Length     Space
        CLASS   CODE           
                intcodelo                            18       18        E         0
                intcode                               8        8        6         0
                init                                 26       26        4         0
                reset_vec                             0        0        4         0
                text41                              FD8      FD8       18         0
                intcode_body                        FF0      FF0       16         0
                text38                              EB8      EB8       34         0
                text37                             1042     1042       12         0
                text36                             106C     106C        C         0
                text35                              B10      B10       8A         0
                text34                              E1A      E1A       36         0
                text33                              A68      A68       A8         0
                text32                              FBE      FBE       1A         0
                text31                             1060     1060        C         0
                text30                             102E     102E       14         0
                text29                             1054     1054        C         0
                text28                              EEC      EEC       2A         0
                text27                              D42      D42       4E         0
                text26                             1078     1078        A         0
                text25                              CEC      CEC       56         0
                text24                             108A     108A        8         0
                text23                             101A     101A       14         0
                text22                              78A      78A       C4         0
                text21                             1092     1092        6         0
                text20                              D90      D90       4C         0
                text19                              F60      F60       24         0
                text18                             1082     1082        8         0
                text17                              FA2      FA2       1C         0
                text16                              C1C      C1C       74         0
                text15                              84E      84E       C2         0
                text14                              910      910       AE         0
                text13                              E84      E84       34         0
                text12                             109C     109C        2         0
                text11                              9BE      9BE       AA         0
                text10                              4FC      4FC      1B8         0
                text9                               DDC      DDC       3E         0
                text8                               E50      E50       34         0
                text7                               F84      F84       1E         0
                text6                               C90      C90       5C         0
                text5                               2E6      2E6      216         0
                text4                              1006     1006       14         0
                text3                              1098     1098        4         0
                text2                               B9A      B9A       82         0
                text1                               6B4      6B4       D6         0
                text0                               F3C      F3C       24         0
                cinit                               F16      F16       26         0

        CLASS   CONST          

        CLASS   SMALLCONST     
                smallconst                          200      200       E6         0

        CLASS   MEDIUMCONST    

        CLASS   COMRAM         
                temp                                 74       74        1         1
                cstackCOMRAM                          1        1       4A         1
                bssCOMRAM                            4B       4B       29         1

        CLASS   ABS1           

        CLASS   BIGRAM         

        CLASS   RAM            

        CLASS   BANK0          
                bssBANK0                             80       80       20         1

        CLASS   BANK1          

        CLASS   SFR            

        CLASS   BIGSFR         

        CLASS   CONFIG         
                config                           300000   300000        E         4

        CLASS   IDLOC          
                idloc                            200000   200000        8         5

        CLASS   EEDATA         

        CLASS   FARRAM         

        CLASS   HEAP           

        CLASS   STACK          



SEGMENTS        Name                           Load    Length   Top    Selector   Space  Class

                reset_vec                      000000  000004  000004         0       0  CODE    
                cstackCOMRAM                   000001  000074  000075         1       1  COMRAM  
                intcode                        000008  000006  00000E         4       0  CODE    
                intcodelo                      000018  000012  00002A         C       0  CODE    
                bssBANK0                       000080  000020  0000A0        80       1  BANK0   
                smallconst                     000200  0000E6  0002E6       100       0  SMALLCON
                text5                          0002E6  000DB8  00109E       173       0  CODE    


UNUSED ADDRESS RANGES

        Name                Unused          Largest block    Delta
        BANK0            0000A0-0000FF               60
        BANK1            000100-0001FF              100
        BIGRAM           000075-00007F                B
                         0000A0-0001FF              160
        BIGSFR           000F80-000FFF               80
        CODE             000004-000007                4
                         00000E-000017                A
                         00002A-0001FF              1D6
                         00109E-001FFF              F62
        COMRAM           000075-00007F                B
        CONST            000004-000007                4
                         00000E-000017                A
                         00002A-0001FF              1D6
                         00109E-001FFF              F62
        EEDATA           F00000-F000FF              100
        MEDIUMCONST      00109E-001FFF              F62
        RAM              0000A0-0001FF               60
        SFR              000F80-000FFF               80
        SMALLCONST       00109E-001FFF              100

                                  Symbol Table

?_TI_GetTics                  cstackCOMRAM 000002
?_Terminal_TXAvailable        cstackCOMRAM 000002
?___awdiv                     cstackCOMRAM 000002
?___awmod                     cstackCOMRAM 000002
?_abs                         cstackCOMRAM 000008
?_sprintf                     cstackCOMRAM 00001B
?_vfprintf                    cstackCOMRAM 000017
GetTecla@F3224                smallconst   000201
GetTecla@columna              cstackCOMRAM 000010
GetTecla@fila                 cstackCOMRAM 000011
GetTecla@keymap               cstackCOMRAM 000004
MFRC522_Clear_Bit@addr        cstackCOMRAM 00000E
MFRC522_Clear_Bit@mask        cstackCOMRAM 00000C
MFRC522_Rd@Address            cstackCOMRAM 000003
MFRC522_Rd@i                  cstackCOMRAM 000006
MFRC522_Rd@ucAddr             cstackCOMRAM 000004
MFRC522_Rd@ucResult           cstackCOMRAM 000005
MFRC522_Set_Bit@addr          cstackCOMRAM 00000D
MFRC522_Set_Bit@mask          cstackCOMRAM 00000C
MFRC522_Wr@Address            cstackCOMRAM 000009
MFRC522_Wr@i                  cstackCOMRAM 00000B
MFRC522_Wr@ucAddr             cstackCOMRAM 00000A
MFRC522_Wr@value              cstackCOMRAM 000007
TI_GetTics@CopiaTicsActual    cstackCOMRAM 00000A
TI_GetTics@TimerHandle        cstackCOMRAM 00000E
TI_Init@counter               cstackCOMRAM 000002
TI_NewTimer@Comptador         cstackCOMRAM 000004
TI_NewTimer@TimerHandle       cstackCOMRAM 000002
TI_ResetTics@TimerHandle      cstackCOMRAM 000002
Terminal_SendChar@c           cstackCOMRAM 000002
Terminal_SendString@str       cstackCOMRAM 000005
_BAUDCON                      (abs)        000FB8
_ColumnAct                    bssCOMRAM    00006A
_Columnas                     bssCOMRAM    000070
_Columns                      bssCOMRAM    00006C
_Filas                        bssCOMRAM    000071
_GetTecla                     text22       00078A
_HighRSI                      intcode      000008
_INTCONbits                   (abs)        000FF2
_InitPortDirections           text36       00106C
_LATBbits                     (abs)        000F8A
_LATC                         (abs)        000F8B
_LATCbits                     (abs)        000F8B
_LATD                         (abs)        000F8C
_LowRSI                       intcodelo    000018
_MFRC522_AntennaOff           text31       001060
_MFRC522_AntennaOn            text29       001054
_MFRC522_Clear_Bit            text32       000FBE
_MFRC522_Init                 text27       000D42
_MFRC522_Rd                   text35       000B10
_MFRC522_Reset                text28       000EEC
_MFRC522_Set_Bit              text30       00102E
_MFRC522_Wr                   text33       000A68
_PIR1bits                     (abs)        000F9E
_PORTBbits                    (abs)        000F81
_PORTCbits                    (abs)        000F82
_PORTD                        (abs)        000F83
_RCREG                        (abs)        000FAE
_RCSTA                        (abs)        000FAB
_RSI_Timer0                   text41       000FD8
_ReadFilas                    text21       001092
_RowAct                       bssCOMRAM    00006B
_Rows                         bssCOMRAM    00006D
_SPBRG                        (abs)        000FAF
_T0CON                        (abs)        000FD5
_TI_GetTics                   text20       000D90
_TI_Init                      text38       000EB8
_TI_NewTimer                  text25       000CEC
_TI_ResetTics                 text19       000F60
_TMR0                         (abs)        000FD6
_TMR0IF                       (abs)        007F92
_TRISBbits                    (abs)        000F93
_TRISCbits                    (abs)        000F94
_TRISD                        (abs)        000F95
_TXREG                        (abs)        000FAD
_TXSTA                        (abs)        000FAC
_Terminal_Init                text37       001042
_Terminal_RXAvailable         text4        001006
_Terminal_ReceiveChar         text3        001098
_Terminal_SendChar            text18       001082
_Terminal_SendString          text16       000C1C
_Terminal_TXAvailable         text17       000FA2
_Tics                         bssCOMRAM    00005F
_Timer                        bssCOMRAM    000072
_Timers                       bssCOMRAM    00004B
__HRAM                        (abs)        000000
__H__absolute__               __absolute__ 000000
__Habs1                       abs1         000000
__Hbank0                      bank0        000000
__Hbank1                      bank1        000000
__Hbigbss                     bigbss       000000
__Hbigdata                    bigdata      000000
__Hbigram                     bigram       000000
__Hbigsfr                     bigsfr       000000
__Hbss                        bss          000000
__HbssBANK0                   bssBANK0     000000
__HbssCOMRAM                  bssCOMRAM    000000
__Hcinit                      cinit        000000
__Hclrtext                    clrtext      000000
__Hcomram                     comram       000000
__Hconfig                     config       30000E
__Hconst                      const        000000
__HcstackCOMRAM               cstackCOMRAM 000000
__Hdata                       data         000000
__Heeprom_data                eeprom_data  000000
__Hfarbss                     farbss       000000
__Hfardata                    fardata      000000
__Hheap                       heap         000000
__Hibigdata                   ibigdata     000000
__Hidata                      idata        000000
__Hidloc                      idloc        200008
__Hifardata                   ifardata     000000
__Hinit                       init         00002A
__Hintcode                    intcode      00000E
__Hintcode_body               intcode_body 000000
__Hintcodelo                  intcodelo    000026
__Hintentry                   intentry     000000
__Hintret                     intret       000000
__Hintsave_regs               intsave_regs 000000
__Hirdata                     irdata       000000
__Hmediumconst                mediumconst  000000
__HnvFARRAM                   nvFARRAM     000000
__Hnvbit                      nvbit        000000
__Hnvrram                     nvrram       000000
__Hparam                      rparam       000000
__Hpowerup                    powerup      000000
__Hram                        ram          000000
__Hramtop                     ramtop       000200
__Hrbit                       rbit         000000
__Hrbss                       rbss         000000
__Hrdata                      rdata        000000
__Hreset_vec                  reset_vec    000004
__Hrparam                     rparam       000000
__Hsfr                        sfr          000000
__Hsivt_hi                    sivt_hi      000000
__Hsivt_lo                    sivt_lo      000026
__Hsmallconst                 smallconst   0002E6
__Hspace_0                    (abs)        00109E
__Hspace_1                    (abs)        0000A0
__Hspace_2                    (abs)        000000
__Hspace_4                    (abs)        60000E
__Hstack                      stack        000000
__Hstruct                     struct       000000
__Htemp                       temp         000075
__Htext                       text         000000
__Htext0                      text0        000000
__Htext1                      text1        000000
__Htext10                     text10       000000
__Htext11                     text11       000000
__Htext12                     text12       000000
__Htext13                     text13       000000
__Htext14                     text14       000000
__Htext15                     text15       000000
__Htext16                     text16       000000
__Htext17                     text17       000000
__Htext18                     text18       000000
__Htext19                     text19       000000
__Htext2                      text2        000000
__Htext20                     text20       000000
__Htext21                     text21       000000
__Htext22                     text22       000000
__Htext23                     text23       000000
__Htext24                     text24       000000
__Htext25                     text25       000000
__Htext26                     text26       000000
__Htext27                     text27       000000
__Htext28                     text28       000000
__Htext29                     text29       000000
__Htext3                      text3        000000
__Htext30                     text30       000000
__Htext31                     text31       000000
__Htext32                     text32       000000
__Htext33                     text33       000000
__Htext34                     text34       000000
__Htext35                     text35       000000
__Htext36                     text36       000000
__Htext37                     text37       000000
__Htext38                     text38       000000
__Htext4                      text4        000000
__Htext41                     text41       000000
__Htext5                      text5        000000
__Htext6                      text6        000000
__Htext7                      text7        000000
__Htext8                      text8        000000
__Htext9                      text9        000000
__LRAM                        (abs)        000001
__L__absolute__               __absolute__ 000000
__Labs1                       abs1         000000
__Lbank0                      bank0        000000
__Lbank1                      bank1        000000
__Lbigbss                     bigbss       000000
__Lbigdata                    bigdata      000000
__Lbigram                     bigram       000000
__Lbigsfr                     bigsfr       000000
__Lbss                        bss          000000
__LbssBANK0                   bssBANK0     000000
__LbssCOMRAM                  bssCOMRAM    000000
__Lcinit                      cinit        000000
__Lclrtext                    clrtext      000000
__Lcomram                     comram       000000
__Lconfig                     config       000000
__Lconst                      const        000000
__LcstackCOMRAM               cstackCOMRAM 000000
__Ldata                       data         000000
__Leeprom_data                eeprom_data  000000
__Lfarbss                     farbss       000000
__Lfardata                    fardata      000000
__Lheap                       heap         000000
__Libigdata                   ibigdata     000000
__Lidata                      idata        000000
__Lidloc                      idloc        000000
__Lifardata                   ifardata     000000
__Linit                       init         000026
__Lintcode                    intcode      000008
__Lintcode_body               intcode_body 000000
__Lintcodelo                  intcodelo    000018
__Lintentry                   intentry     000000
__Lintret                     intret       000000
__Lintsave_regs               intsave_regs 000000
__Lirdata                     irdata       000000
__Lmediumconst                mediumconst  000000
__LnvFARRAM                   nvFARRAM     000000
__Lnvbit                      nvbit        000000
__Lnvrram                     nvrram       000000
__Lparam                      rparam       000000
__Lpowerup                    powerup      000000
__Lram                        ram          000000
__Lramtop                     ramtop       000200
__Lrbit                       rbit         000000
__Lrbss                       rbss         000000
__Lrdata                      rdata        000000
__Lreset_vec                  reset_vec    000000
__Lrparam                     rparam       000000
__Lsfr                        sfr          000000
__Lsivt_hi                    sivt_hi      000000
__Lsivt_lo                    sivt_lo      000026
__Lsmallconst                 smallconst   000200
__Lspace_0                    (abs)        000000
__Lspace_1                    (abs)        000000
__Lspace_2                    (abs)        000000
__Lspace_4                    (abs)        000000
__Lstack                      stack        000000
__Lstruct                     struct       000000
__Ltemp                       temp         000074
__Ltext                       text         000000
__Ltext0                      text0        000000
__Ltext1                      text1        000000
__Ltext10                     text10       000000
__Ltext11                     text11       000000
__Ltext12                     text12       000000
__Ltext13                     text13       000000
__Ltext14                     text14       000000
__Ltext15                     text15       000000
__Ltext16                     text16       000000
__Ltext17                     text17       000000
__Ltext18                     text18       000000
__Ltext19                     text19       000000
__Ltext2                      text2        000000
__Ltext20                     text20       000000
__Ltext21                     text21       000000
__Ltext22                     text22       000000
__Ltext23                     text23       000000
__Ltext24                     text24       000000
__Ltext25                     text25       000000
__Ltext26                     text26       000000
__Ltext27                     text27       000000
__Ltext28                     text28       000000
__Ltext29                     text29       000000
__Ltext3                      text3        000000
__Ltext30                     text30       000000
__Ltext31                     text31       000000
__Ltext32                     text32       000000
__Ltext33                     text33       000000
__Ltext34                     text34       000000
__Ltext35                     text35       000000
__Ltext36                     text36       000000
__Ltext37                     text37       000000
__Ltext38                     text38       000000
__Ltext4                      text4        000000
__Ltext41                     text41       000000
__Ltext5                      text5        000000
__Ltext6                      text6        000000
__Ltext7                      text7        000000
__Ltext8                      text8        000000
__Ltext9                      text9        000000
__S0                          (abs)        00109E
__S1                          (abs)        0000A0
__S4                          (abs)        000000
__S5                          (abs)        000000
___awdiv                      text15       00084E
___awdiv@counter              cstackCOMRAM 000006
___awdiv@dividend             cstackCOMRAM 000002
___awdiv@divisor              cstackCOMRAM 000004
___awdiv@quotient             cstackCOMRAM 000008
___awdiv@sign                 cstackCOMRAM 000007
___awmod                      text14       000910
___awmod@counter              cstackCOMRAM 000006
___awmod@dividend             cstackCOMRAM 000002
___awmod@divisor              cstackCOMRAM 000004
___awmod@sign                 cstackCOMRAM 000007
___heap_hi                    (abs)        000000
___heap_lo                    (abs)        000000
___inthi_sp                   stack        000000
___inthi_stack_hi             stack        000000
___inthi_stack_lo             stack        000000
___intlo_sp                   stack        000000
___intlo_stack_hi             stack        000000
___intlo_stack_lo             stack        000000
___param_bank                 (abs)        000000
___rparam_used                (abs)        000001
___sp                         stack        000000
___stack_hi                   stack        000000
___stack_lo                   stack        000000
__accesstop                   (abs)        000080
__activetblptr                (abs)        000002
__end_ofGetTecla@F3224        smallconst   00020D
__end_of_GetTecla             text22       00084E
__end_of_HighRSI              intcode_body 001006
__end_of_InitPortDirections   text36       001078
__end_of_LowRSI               intcodelo    000026
__end_of_MFRC522_AntennaOff   text31       00106C
__end_of_MFRC522_AntennaOn    text29       001060
__end_of_MFRC522_Clear_Bit    text32       000FD8
__end_of_MFRC522_Init         text27       000D90
__end_of_MFRC522_Rd           text35       000B9A
__end_of_MFRC522_Reset        text28       000F16
__end_of_MFRC522_Set_Bit      text30       001042
__end_of_MFRC522_Wr           text33       000B10
__end_of_RSI_Timer0           text41       000FF0
__end_of_ReadFilas            text21       001098
__end_of_TI_GetTics           text20       000DDC
__end_of_TI_Init              text38       000EEC
__end_of_TI_NewTimer          text25       000D42
__end_of_TI_ResetTics         text19       000F84
__end_of_Terminal_Init        text37       001054
__end_of_Terminal_RXAvailable text4        00101A
__end_of_Terminal_ReceiveChar text3        00109C
__end_of_Terminal_SendChar    text18       00108A
__end_of_Terminal_SendString  text16       000C90
__end_of_Terminal_TXAvailable text17       000FBE
__end_of___awdiv              text15       000910
__end_of___awmod              text14       0009BE
__end_of__initialization      cinit        000F2E
__end_of_abs                  text13       000EB8
__end_of_delay_us             text34       000E50
__end_of_fputc                text11       000A68
__end_of_initPortsTeclado     text24       001092
__end_of_initRFID             text26       001082
__end_of_initTeclado          text23       00102E
__end_of_main                 text0        000F60
__end_of_motorTeclado         text5        0004FC
__end_of_motorTerminal        text1        00078A
__end_of_putch                text12       00109E
__end_of_showMenu             text2        000C1C
__end_of_showTecla            text7        000FA2
__end_of_sprintf              text8        000E84
__end_of_vfpfcnvrt            text10       0006B4
__end_of_vfprintf             text9        000E1A
__end_of_writeColumnas        text6        000CEC
__initialization              cinit        000F16
__mediumconst                 smallconst   000200
__pbssBANK0                   bssBANK0     000080
__pbssCOMRAM                  bssCOMRAM    00004B
__pcinit                      cinit        000F16
__pcstackCOMRAM               cstackCOMRAM 000001
__pintcode                    intcode      000008
__pintcode_body               intcode_body 000FF0
__pintcodelo                  intcodelo    000018
__psmallconst                 smallconst   000200
__ptext0                      text0        000F3C
__ptext1                      text1        0006B4
__ptext10                     text10       0004FC
__ptext11                     text11       0009BE
__ptext12                     text12       00109C
__ptext13                     text13       000E84
__ptext14                     text14       000910
__ptext15                     text15       00084E
__ptext16                     text16       000C1C
__ptext17                     text17       000FA2
__ptext18                     text18       001082
__ptext19                     text19       000F60
__ptext2                      text2        000B9A
__ptext20                     text20       000D90
__ptext21                     text21       001092
__ptext22                     text22       00078A
__ptext23                     text23       00101A
__ptext24                     text24       00108A
__ptext25                     text25       000CEC
__ptext26                     text26       001078
__ptext27                     text27       000D42
__ptext28                     text28       000EEC
__ptext29                     text29       001054
__ptext3                      text3        001098
__ptext30                     text30       00102E
__ptext31                     text31       001060
__ptext32                     text32       000FBE
__ptext33                     text33       000A68
__ptext34                     text34       000E1A
__ptext35                     text35       000B10
__ptext36                     text36       00106C
__ptext37                     text37       001042
__ptext38                     text38       000EB8
__ptext4                      text4        001006
__ptext41                     text41       000FD8
__ptext5                      text5        0002E6
__ptext6                      text6        000C90
__ptext7                      text7        000F84
__ptext8                      text8        000E50
__ptext9                      text9        000DDC
__ramtop                      ramtop       000200
__smallconst                  smallconst   000200
_abs                          text13       000E84
_dbuf                         bssBANK0     000080
_delay_us                     text34       000E1A
_flags                        bssCOMRAM    000067
_fputc                        text11       0009BE
_hashtag_pressed              bssCOMRAM    000069
_initPortsTeclado             text24       00108A
_initRFID                     text26       001078
_initTeclado                  text23       00101A
_main                         text0        000F3C
_motorTeclado                 text5        0002E6
_motorTerminal                text1        0006B4
_prec                         bssCOMRAM    000065
_putch                        text12       00109C
_showMenu                     text2        000B9A
_showTecla                    text7        000F84
_sprintf                      text8        000E50
_tecla                        bssCOMRAM    00006F
_timer                        bssCOMRAM    000073
_vfpfcnvrt                    text10       0004FC
_vfprintf                     text9        000DDC
_width                        bssCOMRAM    000063
_writeColumnas                text6        000C90
abs@a                         cstackCOMRAM 000008
btemp                         temp         000074
delay_us@howMany              cstackCOMRAM 000005
delay_us@x                    cstackCOMRAM 000006
end_of_initialization         cinit        000F2E
fputc@c                       cstackCOMRAM 000002
fputc@fp                      cstackCOMRAM 000004
int$flags                     temp         000074
int_func                      intcode_body 000FF0
intlevel0                     text         000000
intlevel1                     text         000000
intlevel2                     text         000000
intlevel3                     text         000000
isa$std                       (abs)        000001
isa$xinst                     (abs)        000000
motorTeclado@state            bssCOMRAM    00006E
motorTerminal@state           bssCOMRAM    000068
showTecla@buffer              cstackCOMRAM 00002B
sprintf@ap                    cstackCOMRAM 00001F
sprintf@f                     cstackCOMRAM 000020
sprintf@fmt                   cstackCOMRAM 00001C
sprintf@s                     cstackCOMRAM 00001B
stackhi                       (abs)        000000
stacklo                       (abs)        000000
start                         init         000026
start_initialization          cinit        000F16
ttemp5                        temp         000075
ttemp6                        temp         000078
ttemp7                        temp         00007C
vfpfcnvrt@ap                  cstackCOMRAM 00000E
vfpfcnvrt@c                   cstackCOMRAM 000016
vfpfcnvrt@convarg             cstackCOMRAM 000012
vfpfcnvrt@cp                  cstackCOMRAM 000011
vfpfcnvrt@done                cstackCOMRAM 000010
vfpfcnvrt@fmt                 cstackCOMRAM 00000D
vfpfcnvrt@fp                  cstackCOMRAM 00000C
vfprintf@ap                   cstackCOMRAM 000019
vfprintf@cfmt                 cstackCOMRAM 00001A
vfprintf@fmt                  cstackCOMRAM 000018
vfprintf@fp                   cstackCOMRAM 000017
writeColumnas@out             cstackCOMRAM 000003
wtemp8                        temp         000075


MODULE INFORMATION

Module		Function		Class		Link	Load	Size
TAD_TERMINAL.c
		_Terminal_ReceiveChar		CODE           	1098	0000	4
		_Terminal_SendString		CODE           	0C1C	0000	116
		_Terminal_Init 		CODE           	1042	0000	18
		_showMenu      		CODE           	0B9A	0000	130
		_motorTerminal 		CODE           	06B4	0000	214
		_Terminal_SendChar		CODE           	1082	0000	8
		_Terminal_RXAvailable		CODE           	1006	0000	20
		_Terminal_TXAvailable		CODE           	0FA2	0000	28

TAD_TERMINAL.c estimated size: 538

TAD_RFID.c
		_delay_us      		CODE           	0E1A	0000	54
		_MFRC522_Rd    		CODE           	0B10	0000	138
		_MFRC522_Wr    		CODE           	0A68	0000	168
		_initRFID      		CODE           	1078	0000	10
		_MFRC522_Init  		CODE           	0D42	0000	78
		_MFRC522_Reset 		CODE           	0EEC	0000	42
		_MFRC522_AntennaOn		CODE           	1054	0000	12
		_MFRC522_Clear_Bit		CODE           	0FBE	0000	26
		_MFRC522_AntennaOff		CODE           	1060	0000	12
		_InitPortDirections		CODE           	106C	0000	12
		_MFRC522_Set_Bit		CODE           	102E	0000	20

TAD_RFID.c estimated size: 572

C:\Program Files\Microchip\xc8\v3.00\pic\sources\c99\common\abs.c
		_abs           		CODE           	0E84	0000	52

C:\Program Files\Microchip\xc8\v3.00\pic\sources\c99\common\abs.c estimated size: 52

C:\Program Files\Microchip\xc8\v3.00\pic\sources\c99\common\nf_fputc.c
		_fputc         		CODE           	09BE	0000	170

C:\Program Files\Microchip\xc8\v3.00\pic\sources\c99\common\nf_fputc.c estimated size: 170

C:\Program Files\Microchip\xc8\v3.00\pic\sources\c99\common\nf_sprintf.c
		_sprintf       		CODE           	0E50	0000	52

C:\Program Files\Microchip\xc8\v3.00\pic\sources\c99\common\nf_sprintf.c estimated size: 52

C:\Program Files\Microchip\xc8\v3.00\pic\sources\c99\common\awmod.c
		___awmod       		CODE           	0910	0000	174

C:\Program Files\Microchip\xc8\v3.00\pic\sources\c99\common\awmod.c estimated size: 174

C:\Program Files\Microchip\xc8\v3.00\pic\sources\c99\common\putch.c
		_putch         		CODE           	109C	0000	2

C:\Program Files\Microchip\xc8\v3.00\pic\sources\c99\common\putch.c estimated size: 2

shared
		__initialization		CODE           	0F16	0000	24
		GetTecla@F3224 		SMALLCONST     	0201	0000	12

shared estimated size: 36

TAD_TECLADO.c
		_motorTeclado  		CODE           	02E6	0000	534
		_writeColumnas 		CODE           	0C90	0000	92
		_ReadFilas     		CODE           	1092	0000	6
		_initTeclado   		CODE           	101A	0000	20
		_initPortsTeclado		CODE           	108A	0000	8
		_showTecla     		CODE           	0F84	0000	30
		_GetTecla      		CODE           	078A	0000	196

TAD_TECLADO.c estimated size: 886

TAD_TIMER.c
		_TI_ResetTics  		CODE           	0F60	0000	36
		_TI_NewTimer   		CODE           	0CEC	0000	86
		_RSI_Timer0    		CODE           	0FD8	0000	24
		_TI_Init       		CODE           	0EB8	0000	52
		_TI_GetTics    		CODE           	0D90	0000	76

TAD_TIMER.c estimated size: 274

C:\Program Files\Microchip\xc8\v3.00\pic\sources\c99\common\awdiv.c
		___awdiv       		CODE           	084E	0000	194

C:\Program Files\Microchip\xc8\v3.00\pic\sources\c99\common\awdiv.c estimated size: 194

main.c
		_main          		CODE           	0F3C	0000	36
		_HighRSI       		CODE           	0008	0000	28
		_LowRSI        		CODE           	0018	0000	14

main.c estimated size: 78

C:\Program Files\Microchip\xc8\v3.00\pic\sources\c99\common\doprnt.c
		_vfpfcnvrt     		CODE           	04FC	0000	440
		_vfprintf      		CODE           	0DDC	0000	62

C:\Program Files\Microchip\xc8\v3.00\pic\sources\c99\common\doprnt.c estimated size: 502

