Microchip MPLAB XC8 Compiler V3.00

Linker command line:

-W-3 \
  --edf=C:\Program Files\Microchip\xc8\v3.00\pic\dat\20241204225717_en.msgs \
  -cn -h+dist/default/production\Practica2FA.X.production.sym \
  --cmf=dist/default/production\Practica2FA.X.production.cmf -z -Q18F4321 \
  -oC:\Users\gerar\AppData\Local\Temp\xcAs39o.\driver_tmp_3.o \
  --defsym=__MPLAB_BUILD=1 --fixupoverflow=error \
  -Mdist/default/production/Practica2FA.X.production.map \
  --md=C:\Users\gerar\AppData\Local\Temp\xcAs39o.\driver_tmp_0.dat -E1 \
  -ver=XC8 Compiler -ACODE=00h-01FFFh -ACONST=00h-01FFFh \
  -ASMALLCONST=0200h-02FFhx30 -AMEDIUMCONST=0200h-01FFFh -ACOMRAM=01h-07Fh \
  -AABS1=00h-01FFh -ABIGRAM=01h-01FFh -ARAM=080h-0FFh,0100h-01FFh \
  -ABANK0=080h-0FFh -ABANK1=0100h-01FFh -ASFR=0F80h-0FFFh \
  -ABIGSFR=0F80h-0FFFh -ACONFIG=0300000h-030000Dh -AIDLOC=0200000h-0200007h \
  -AEEDATA=0F00000h-0F000FFh -peeprom_data=EEDATA \
  -preset_vec=00h,intcode=8h,intcodelo=18h,sivt_lo,sivt_hi=CODE \
  -ppowerup=CODE,init -pramtop=0200h -psmallconst=SMALLCONST \
  -pmediumconst=MEDIUMCONST -pconst=CONST -AFARRAM=00h-00h \
  -prdata=COMRAM,nvrram=COMRAM,nvbit=COMRAM,rbss=COMRAM,rbit=COMRAM \
  -pfarbss=FARRAM,fardata=FARRAM,nvFARRAM=FARRAM \
  -pintsave_regs=BIGRAM,bigbss=BIGRAM,bigdata=BIGRAM -pbss=RAM \
  -pidata=CODE,irdata=CODE,ibigdata=CODE,ifardata=CODE -prparam=COMRAM \
  C:\Users\gerar\AppData\Local\Temp\xcAs39o.\driver_tmp_14.o \
  dist/default/production\Practica2FA.X.production.o 

Object code version is 3.11

Machine type is 18F4321



                Name                               Link     Load   Length Selector   Space Scale
C:\Users\gerar\AppData\Local\Temp\xcAs39o.\driver_tmp_14.o
                idloc                            200000   200000        8        0       5
                config                           300000   300000        E        0       4
                init                                 26       26        4        C       0
                reset_vec                             0        0        4        0       0
dist/default/production\Practica2FA.X.production.o
                intcodelo                            18       18        E        C       0
                intcode                               8        8        6        4       0
                idloc                            200000   200000        8        0       5
                config                           300000   300000        E        0       4
                temp                                 7B       7B        1        1       1
                mediumconst                        1EEE     1EEE      112      F77       0
                text33                              DE6      DE6       18        C       0
                intcode_body                        E14      E14       16        C       0
                text30                              CF8      CF8       34        C       0
                text29                              E3E      E3E       12        C       0
                text28                              E8E      E8E        6        C       0
                text27                              E68      E68        C        C       0
                text26                              C8E      C8E       36        C       0
                text25                              A32      A32       A2        C       0
                text24                              98A      98A       A8        C       0
                text23                              DCC      DCC       1A        C       0
                text22                              E5C      E5C        C        C       0
                text21                              E2A      E2A       14        C       0
                text20                              E50      E50        C        C       0
                text19                              D5E      D5E       2A        C       0
                text18                              C40      C40       4E        C       0
                text17                              E74      E74        A        C       0
                text16                              B48      B48       56        C       0
                text15                              E86      E86        8        C       0
                text14                              DFE      DFE       16        C       0
                text13                              E7E      E7E        8        C       0
                text12                              DB0      DB0       1C        C       0
                text11                              AD4      AD4       74        C       0
                text10                              670      670       F0        C       0
                text9                               760      760       C2        C       0
                text8                               8DC      8DC       AE        C       0
                text7                               CC4      CC4       34        C       0
                text6                               E94      E94        2        C       0
                text5                               822      822       BA        C       0
                text4                               46C      46C      204        C       0
                text3                               B9E      B9E       52        C       0
                text2                               BF0      BF0       50        C       0
                text1                                2A       2A      442        C       0
                text0                               D88      D88       28        C       0
                cstackCOMRAM                          1        1       3F        1       1
                bssBANK1                            100      100       64      100       1
                bssBANK0                             80       80       20       80       1
                bssCOMRAM                            40       40       3B        1       1
                cinit                               D2C      D2C       32        C       0

TOTAL           Name                               Link     Load   Length     Space
        CLASS   CODE           
                intcodelo                            18       18        E         0
                intcode                               8        8        6         0
                init                                 26       26        4         0
                reset_vec                             0        0        4         0
                text33                              DE6      DE6       18         0
                intcode_body                        E14      E14       16         0
                text30                              CF8      CF8       34         0
                text29                              E3E      E3E       12         0
                text28                              E8E      E8E        6         0
                text27                              E68      E68        C         0
                text26                              C8E      C8E       36         0
                text25                              A32      A32       A2         0
                text24                              98A      98A       A8         0
                text23                              DCC      DCC       1A         0
                text22                              E5C      E5C        C         0
                text21                              E2A      E2A       14         0
                text20                              E50      E50        C         0
                text19                              D5E      D5E       2A         0
                text18                              C40      C40       4E         0
                text17                              E74      E74        A         0
                text16                              B48      B48       56         0
                text15                              E86      E86        8         0
                text14                              DFE      DFE       16         0
                text13                              E7E      E7E        8         0
                text12                              DB0      DB0       1C         0
                text11                              AD4      AD4       74         0
                text10                              670      670       F0         0
                text9                               760      760       C2         0
                text8                               8DC      8DC       AE         0
                text7                               CC4      CC4       34         0
                text6                               E94      E94        2         0
                text5                               822      822       BA         0
                text4                               46C      46C      204         0
                text3                               B9E      B9E       52         0
                text2                               BF0      BF0       50         0
                text1                                2A       2A      442         0
                text0                               D88      D88       28         0
                cinit                               D2C      D2C       32         0

        CLASS   CONST          

        CLASS   SMALLCONST     

        CLASS   MEDIUMCONST    
                mediumconst                        1EEE     1EEE      112         0

        CLASS   COMRAM         
                temp                                 7B       7B        1         1
                cstackCOMRAM                          1        1       3F         1
                bssCOMRAM                            40       40       3B         1

        CLASS   ABS1           

        CLASS   BIGRAM         

        CLASS   RAM            

        CLASS   BANK0          
                bssBANK0                             80       80       20         1

        CLASS   BANK1          
                bssBANK1                            100      100       64         1

        CLASS   SFR            

        CLASS   BIGSFR         

        CLASS   CONFIG         
                config                           300000   300000        E         4

        CLASS   IDLOC          
                idloc                            200000   200000        8         5

        CLASS   EEDATA         

        CLASS   FARRAM         

        CLASS   HEAP           

        CLASS   STACK          



SEGMENTS        Name                           Load    Length   Top    Selector   Space  Class

                reset_vec                      000000  000004  000004         0       0  CODE    
                cstackCOMRAM                   000001  00007B  00007C         1       1  COMRAM  
                intcode                        000008  000006  00000E         4       0  CODE    
                intcodelo                      000018  000E7E  000E96         C       0  CODE    
                bssBANK0                       000080  000020  0000A0        80       1  BANK0   
                bssBANK1                       000100  000064  000164       100       1  BANK1   
                mediumconst                    001EEE  000112  002000       F77       0  MEDIUMCO


UNUSED ADDRESS RANGES

        Name                Unused          Largest block    Delta
        BANK0            0000A0-0000FF               60
        BANK1            000164-0001FF               9C
        BIGRAM           00007C-00007F                4
                         0000A0-0000FF               60
                         000164-0001FF               9C
        BIGSFR           000F80-000FFF               80
        CODE             000004-000007                4
                         00000E-000017                A
                         000E96-001EED             1058
        COMRAM           00007C-00007F                4
        CONST            000004-000007                4
                         00000E-000017                A
                         000E96-001EED             1058
        EEDATA           F00000-F000FF              100
        MEDIUMCONST      000E96-001EED             1058
        RAM              0000A0-0000FF               60
                         000164-0001FF               9C
        SFR              000F80-000FFF               80
        SMALLCONST       000E96-001EED              100

                                  Symbol Table

?_Terminal_TXAvailable        cstackCOMRAM 000002
?___awdiv                     cstackCOMRAM 000002
?___awmod                     cstackCOMRAM 000002
?_abs                         cstackCOMRAM 000008
?_sprintf                     cstackCOMRAM 000021
?_vfpfcnvrt                   cstackCOMRAM 00000C
?_vfprintf                    cstackCOMRAM 00001B
GetTecla@F3223                mediumconst  001EEF
MFRC522_Clear_Bit@addr        cstackCOMRAM 000013
MFRC522_Clear_Bit@mask        cstackCOMRAM 000011
MFRC522_Rd@Address            cstackCOMRAM 000008
MFRC522_Rd@i                  cstackCOMRAM 00000B
MFRC522_Rd@ucAddr             cstackCOMRAM 000009
MFRC522_Rd@ucResult           cstackCOMRAM 00000A
MFRC522_Set_Bit@addr          cstackCOMRAM 000012
MFRC522_Set_Bit@mask          cstackCOMRAM 000011
MFRC522_Wr@Address            cstackCOMRAM 00000E
MFRC522_Wr@i                  cstackCOMRAM 000010
MFRC522_Wr@ucAddr             cstackCOMRAM 00000F
MFRC522_Wr@value              cstackCOMRAM 00000C
TI_Init@counter               cstackCOMRAM 000002
TI_NewTimer@Comptador         cstackCOMRAM 000004
TI_NewTimer@TimerHandle       cstackCOMRAM 000002
Terminal_SendChar@c           cstackCOMRAM 000002
Terminal_SendString@str       cstackCOMRAM 000005
_ADCON1                       (abs)        000FC1
_BAUDCON                      (abs)        000FB8
_ColumnAct                    bssCOMRAM    000063
_Columnas                     bssCOMRAM    000071
_Columns                      bssCOMRAM    000065
_Filas                        bssCOMRAM    000072
_HighRSI                      intcode      000008
_INTCONbits                   (abs)        000FF2
_InitPortDirections           text27       000E68
_LATA                         (abs)        000F89
_LATBbits                     (abs)        000F8A
_LATC                         (abs)        000F8B
_LATCbits                     (abs)        000F8B
_LATD                         (abs)        000F8C
_LowRSI                       intcodelo    000018
_MFRC522_AntennaOff           text22       000E5C
_MFRC522_AntennaOn            text20       000E50
_MFRC522_Clear_Bit            text23       000DCC
_MFRC522_Init                 text18       000C40
_MFRC522_Rd                   text25       000A32
_MFRC522_Reset                text19       000D5E
_MFRC522_Set_Bit              text21       000E2A
_MFRC522_Wr                   text24       00098A
_PIR1bits                     (abs)        000F9E
_PORTBbits                    (abs)        000F81
_PORTCbits                    (abs)        000F82
_PORTD                        (abs)        000F83
_RCREG                        (abs)        000FAE
_RCSTA                        (abs)        000FAB
_RSI_Timer0                   text33       000DE6
_RowAct                       bssCOMRAM    000064
_Rows                         bssCOMRAM    000066
_SPBRG                        (abs)        000FAF
_T0CON                        (abs)        000FD5
_TI_Init                      text30       000CF8
_TI_NewTimer                  text16       000B48
_TMR0                         (abs)        000FD6
_TMR0IF                       (abs)        007F92
_TRISA                        (abs)        000F92
_TRISBbits                    (abs)        000F93
_TRISCbits                    (abs)        000F94
_TRISD                        (abs)        000F95
_TXREG                        (abs)        000FAD
_TXSTA                        (abs)        000FAC
_Terminal_Init                text29       000E3E
_Terminal_SendChar            text13       000E7E
_Terminal_SendString          text11       000AD4
_Terminal_TXAvailable         text12       000DB0
_Tics                         bssCOMRAM    000054
_Timer                        bssCOMRAM    000079
_Timers                       bssCOMRAM    000040
__HRAM                        (abs)        000000
__H__absolute__               __absolute__ 000000
__Habs1                       abs1         000000
__Hbank0                      bank0        000000
__Hbank1                      bank1        000000
__Hbigbss                     bigbss       000000
__Hbigdata                    bigdata      000000
__Hbigram                     bigram       000000
__Hbigsfr                     bigsfr       000000
__Hbss                        bss          000000
__HbssBANK0                   bssBANK0     000000
__HbssBANK1                   bssBANK1     000000
__HbssCOMRAM                  bssCOMRAM    000000
__Hcinit                      cinit        000000
__Hclrtext                    clrtext      000000
__Hcomram                     comram       000000
__Hconfig                     config       30000E
__Hconst                      const        000000
__HcstackCOMRAM               cstackCOMRAM 000000
__Hdata                       data         000000
__Heeprom_data                eeprom_data  000000
__Hfarbss                     farbss       000000
__Hfardata                    fardata      000000
__Hheap                       heap         000000
__Hibigdata                   ibigdata     000000
__Hidata                      idata        000000
__Hidloc                      idloc        200008
__Hifardata                   ifardata     000000
__Hinit                       init         00002A
__Hintcode                    intcode      00000E
__Hintcode_body               intcode_body 000000
__Hintcodelo                  intcodelo    000026
__Hintentry                   intentry     000000
__Hintret                     intret       000000
__Hintsave_regs               intsave_regs 000000
__Hirdata                     irdata       000000
__Hmediumconst                mediumconst  002000
__HnvFARRAM                   nvFARRAM     000000
__Hnvbit                      nvbit        000000
__Hnvrram                     nvrram       000000
__Hparam                      rparam       000000
__Hpowerup                    powerup      000000
__Hram                        ram          000000
__Hramtop                     ramtop       000200
__Hrbit                       rbit         000000
__Hrbss                       rbss         000000
__Hrdata                      rdata        000000
__Hreset_vec                  reset_vec    000004
__Hrparam                     rparam       000000
__Hsfr                        sfr          000000
__Hsivt_hi                    sivt_hi      000000
__Hsivt_lo                    sivt_lo      000026
__Hsmallconst                 smallconst   000000
__Hspace_0                    (abs)        002000
__Hspace_1                    (abs)        000164
__Hspace_2                    (abs)        000000
__Hspace_4                    (abs)        60000E
__Hstack                      stack        000000
__Hstruct                     struct       000000
__Htemp                       temp         00007C
__Htext                       text         000000
__Htext0                      text0        000000
__Htext1                      text1        000000
__Htext10                     text10       000000
__Htext11                     text11       000000
__Htext12                     text12       000000
__Htext13                     text13       000000
__Htext14                     text14       000000
__Htext15                     text15       000000
__Htext16                     text16       000000
__Htext17                     text17       000000
__Htext18                     text18       000000
__Htext19                     text19       000000
__Htext2                      text2        000000
__Htext20                     text20       000000
__Htext21                     text21       000000
__Htext22                     text22       000000
__Htext23                     text23       000000
__Htext24                     text24       000000
__Htext25                     text25       000000
__Htext26                     text26       000000
__Htext27                     text27       000000
__Htext28                     text28       000000
__Htext29                     text29       000000
__Htext3                      text3        000000
__Htext30                     text30       000000
__Htext33                     text33       000000
__Htext4                      text4        000000
__Htext5                      text5        000000
__Htext6                      text6        000000
__Htext7                      text7        000000
__Htext8                      text8        000000
__Htext9                      text9        000000
__LRAM                        (abs)        000001
__L__absolute__               __absolute__ 000000
__Labs1                       abs1         000000
__Lbank0                      bank0        000000
__Lbank1                      bank1        000000
__Lbigbss                     bigbss       000000
__Lbigdata                    bigdata      000000
__Lbigram                     bigram       000000
__Lbigsfr                     bigsfr       000000
__Lbss                        bss          000000
__LbssBANK0                   bssBANK0     000000
__LbssBANK1                   bssBANK1     000000
__LbssCOMRAM                  bssCOMRAM    000000
__Lcinit                      cinit        000000
__Lclrtext                    clrtext      000000
__Lcomram                     comram       000000
__Lconfig                     config       000000
__Lconst                      const        000000
__LcstackCOMRAM               cstackCOMRAM 000000
__Ldata                       data         000000
__Leeprom_data                eeprom_data  000000
__Lfarbss                     farbss       000000
__Lfardata                    fardata      000000
__Lheap                       heap         000000
__Libigdata                   ibigdata     000000
__Lidata                      idata        000000
__Lidloc                      idloc        000000
__Lifardata                   ifardata     000000
__Linit                       init         000026
__Lintcode                    intcode      000008
__Lintcode_body               intcode_body 000000
__Lintcodelo                  intcodelo    000018
__Lintentry                   intentry     000000
__Lintret                     intret       000000
__Lintsave_regs               intsave_regs 000000
__Lirdata                     irdata       000000
__Lmediumconst                mediumconst  001EEE
__LnvFARRAM                   nvFARRAM     000000
__Lnvbit                      nvbit        000000
__Lnvrram                     nvrram       000000
__Lparam                      rparam       000000
__Lpowerup                    powerup      000000
__Lram                        ram          000000
__Lramtop                     ramtop       000200
__Lrbit                       rbit         000000
__Lrbss                       rbss         000000
__Lrdata                      rdata        000000
__Lreset_vec                  reset_vec    000000
__Lrparam                     rparam       000000
__Lsfr                        sfr          000000
__Lsivt_hi                    sivt_hi      000000
__Lsivt_lo                    sivt_lo      000026
__Lsmallconst                 smallconst   000000
__Lspace_0                    (abs)        000000
__Lspace_1                    (abs)        000000
__Lspace_2                    (abs)        000000
__Lspace_4                    (abs)        000000
__Lstack                      stack        000000
__Lstruct                     struct       000000
__Ltemp                       temp         00007B
__Ltext                       text         000000
__Ltext0                      text0        000000
__Ltext1                      text1        000000
__Ltext10                     text10       000000
__Ltext11                     text11       000000
__Ltext12                     text12       000000
__Ltext13                     text13       000000
__Ltext14                     text14       000000
__Ltext15                     text15       000000
__Ltext16                     text16       000000
__Ltext17                     text17       000000
__Ltext18                     text18       000000
__Ltext19                     text19       000000
__Ltext2                      text2        000000
__Ltext20                     text20       000000
__Ltext21                     text21       000000
__Ltext22                     text22       000000
__Ltext23                     text23       000000
__Ltext24                     text24       000000
__Ltext25                     text25       000000
__Ltext26                     text26       000000
__Ltext27                     text27       000000
__Ltext28                     text28       000000
__Ltext29                     text29       000000
__Ltext3                      text3        000000
__Ltext30                     text30       000000
__Ltext33                     text33       000000
__Ltext4                      text4        000000
__Ltext5                      text5        000000
__Ltext6                      text6        000000
__Ltext7                      text7        000000
__Ltext8                      text8        000000
__Ltext9                      text9        000000
__S0                          (abs)        002000
__S1                          (abs)        000164
__S4                          (abs)        000000
__S5                          (abs)        000000
___awdiv                      text9        000760
___awdiv@counter              cstackCOMRAM 000006
___awdiv@dividend             cstackCOMRAM 000002
___awdiv@divisor              cstackCOMRAM 000004
___awdiv@quotient             cstackCOMRAM 000008
___awdiv@sign                 cstackCOMRAM 000007
___awmod                      text8        0008DC
___awmod@counter              cstackCOMRAM 000006
___awmod@dividend             cstackCOMRAM 000002
___awmod@divisor              cstackCOMRAM 000004
___awmod@sign                 cstackCOMRAM 000007
___heap_hi                    (abs)        000000
___heap_lo                    (abs)        000000
___inthi_sp                   stack        000000
___inthi_stack_hi             stack        000000
___inthi_stack_lo             stack        000000
___intlo_sp                   stack        000000
___intlo_stack_hi             stack        000000
___intlo_stack_lo             stack        000000
___param_bank                 (abs)        000000
___rparam_used                (abs)        000001
___sp                         stack        000000
___stack_hi                   stack        000000
___stack_lo                   stack        000000
__accesstop                   (abs)        000080
__activetblptr                (abs)        000002
__end_ofGetTecla@F3223        mediumconst  001EFB
__end_of_HighRSI              intcode_body 000E2A
__end_of_InitPortDirections   text27       000E74
__end_of_LowRSI               intcodelo    000026
__end_of_MFRC522_AntennaOff   text22       000E68
__end_of_MFRC522_AntennaOn    text20       000E5C
__end_of_MFRC522_Clear_Bit    text23       000DE6
__end_of_MFRC522_Init         text18       000C8E
__end_of_MFRC522_Rd           text25       000AD4
__end_of_MFRC522_Reset        text19       000D88
__end_of_MFRC522_Set_Bit      text21       000E3E
__end_of_MFRC522_Wr           text24       000A32
__end_of_RSI_Timer0           text33       000DFE
__end_of_TI_Init              text30       000D2C
__end_of_TI_NewTimer          text16       000B9E
__end_of_Terminal_Init        text29       000E50
__end_of_Terminal_SendChar    text13       000E86
__end_of_Terminal_SendString  text11       000B48
__end_of_Terminal_TXAvailable text12       000DCC
__end_of___awdiv              text9        000822
__end_of___awmod              text8        00098A
__end_of__initialization      cinit        000D50
__end_of_abs                  text7        000CF8
__end_of_delay_us             text26       000CC4
__end_of_displayUID           text10       000760
__end_of_fputc                text5        0008DC
__end_of_initPorts            text28       000E94
__end_of_initPortsTeclado     text15       000E8E
__end_of_initRFID             text17       000E7E
__end_of_initTeclado          text14       000E14
__end_of_main                 text0        000DB0
__end_of_motor_RFID           text1        00046C
__end_of_putch                text6        000E96
__end_of_sprintf              text2        000C40
__end_of_vfpfcnvrt            text4        000670
__end_of_vfprintf             text3        000BF0
__initialization              cinit        000D2C
__mediumconst                 mediumconst  001EEE
__pbssBANK0                   bssBANK0     000080
__pbssBANK1                   bssBANK1     000100
__pbssCOMRAM                  bssCOMRAM    000040
__pcinit                      cinit        000D2C
__pcstackCOMRAM               cstackCOMRAM 000001
__pintcode                    intcode      000008
__pintcode_body               intcode_body 000E14
__pintcodelo                  intcodelo    000018
__pmediumconst                mediumconst  001EEE
__ptext0                      text0        000D88
__ptext1                      text1        00002A
__ptext10                     text10       000670
__ptext11                     text11       000AD4
__ptext12                     text12       000DB0
__ptext13                     text13       000E7E
__ptext14                     text14       000DFE
__ptext15                     text15       000E86
__ptext16                     text16       000B48
__ptext17                     text17       000E74
__ptext18                     text18       000C40
__ptext19                     text19       000D5E
__ptext2                      text2        000BF0
__ptext20                     text20       000E50
__ptext21                     text21       000E2A
__ptext22                     text22       000E5C
__ptext23                     text23       000DCC
__ptext24                     text24       00098A
__ptext25                     text25       000A32
__ptext26                     text26       000C8E
__ptext27                     text27       000E68
__ptext28                     text28       000E8E
__ptext29                     text29       000E3E
__ptext3                      text3        000B9E
__ptext30                     text30       000CF8
__ptext33                     text33       000DE6
__ptext4                      text4        00046C
__ptext5                      text5        000822
__ptext6                      text6        000E94
__ptext7                      text7        000CC4
__ptext8                      text8        0008DC
__ptext9                      text9        000760
__ramtop                      ramtop       000200
__smallconst                  mediumconst  001EEE
_abs                          text7        000CC4
_dbuf                         bssBANK0     000080
_delay_us                     text26       000C8E
_displayUID                   text10       000670
_displayUID$823               cstackCOMRAM 000014
_displayUID$824               cstackCOMRAM 000016
_flags                        bssCOMRAM    000060
_fputc                        text5        000822
_hashtag_pressed              bssCOMRAM    000062
_initPorts                    text28       000E8E
_initPortsTeclado             text15       000E86
_initRFID                     text17       000E74
_initTeclado                  text14       000DFE
_main                         text0        000D88
_motor_RFID                   text1        00002A
_nout                         bssCOMRAM    000058
_prec                         bssCOMRAM    00005C
_putch                        text6        000E94
_sprintf                      text2        000BF0
_state                        bssCOMRAM    00006F
_tecla                        bssCOMRAM    000070
_timer                        bssCOMRAM    00007A
_vfpfcnvrt                    text4        00046C
_vfprintf                     text3        000B9E
_width                        bssCOMRAM    00005A
abs@a                         cstackCOMRAM 000008
btemp                         temp         00007B
delay_us@howMany              cstackCOMRAM 000005
delay_us@x                    cstackCOMRAM 000006
displayUID@hexString          cstackCOMRAM 000009
displayUID@i                  cstackCOMRAM 000018
displayUID@nibble             cstackCOMRAM 00001A
displayUID@uid                cstackCOMRAM 000007
end_of_initialization         cinit        000D50
fputc@c                       cstackCOMRAM 000002
fputc@fp                      cstackCOMRAM 000004
int$flags                     temp         00007B
int_func                      intcode_body 000E14
intlevel0                     text         000000
intlevel1                     text         000000
intlevel2                     text         000000
intlevel3                     text         000000
isa$std                       (abs)        000001
isa$xinst                     (abs)        000000
motorTerminal@state           bssCOMRAM    000061
motor_RFID@TagType            bssCOMRAM    000067
motor_RFID@UID                bssCOMRAM    000073
motor_RFID@backBitsCalc       cstackCOMRAM 00003C
motor_RFID@buffer             bssBANK1     000100
motor_RFID@fifoLevel          cstackCOMRAM 00003E
motor_RFID@fifoLevel_530      cstackCOMRAM 000039
motor_RFID@i                  bssCOMRAM    000069
motor_RFID@irqEn              bssCOMRAM    00006C
motor_RFID@lastBitsVal        cstackCOMRAM 00003F
motor_RFID@n                  bssCOMRAM    00006A
motor_RFID@p                  cstackCOMRAM 00003A
motor_RFID@state              bssCOMRAM    00006E
motor_RFID@substate           bssCOMRAM    00006D
motor_RFID@waitIRq            bssCOMRAM    00006B
sprintf@ap                    cstackCOMRAM 00002B
sprintf@f                     cstackCOMRAM 00002C
sprintf@fmt                   cstackCOMRAM 000023
sprintf@ret                   cstackCOMRAM 000029
sprintf@s                     cstackCOMRAM 000021
stackhi                       (abs)        000000
stacklo                       (abs)        000000
start                         init         000026
start_initialization          cinit        000D2C
ttemp5                        temp         00007C
ttemp6                        temp         00007F
ttemp7                        temp         000083
vfpfcnvrt@ap                  cstackCOMRAM 00000E
vfpfcnvrt@c                   cstackCOMRAM 00001A
vfpfcnvrt@cnt                 cstackCOMRAM 000012
vfpfcnvrt@convarg             cstackCOMRAM 000016
vfpfcnvrt@cp                  cstackCOMRAM 000014
vfpfcnvrt@done                cstackCOMRAM 000011
vfpfcnvrt@fmt                 cstackCOMRAM 00000D
vfpfcnvrt@fp                  cstackCOMRAM 00000C
vfprintf@ap                   cstackCOMRAM 00001E
vfprintf@cfmt                 cstackCOMRAM 00001F
vfprintf@fmt                  cstackCOMRAM 00001C
vfprintf@fp                   cstackCOMRAM 00001B
wtemp8                        temp         00007C


MODULE INFORMATION

Module		Function		Class		Link	Load	Size
TAD_TERMINAL.c
		_Terminal_SendString		CODE           	0AD4	0000	116
		_displayUID    		CODE           	0670	0000	240
		_Terminal_Init 		CODE           	0E3E	0000	18
		_Terminal_SendChar		CODE           	0E7E	0000	8
		_Terminal_TXAvailable		CODE           	0DB0	0000	28

TAD_TERMINAL.c estimated size: 410

TAD_RFID.c
		_delay_us      		CODE           	0C8E	0000	54
		_MFRC522_Rd    		CODE           	0A32	0000	162
		_MFRC522_Wr    		CODE           	098A	0000	168
		_initRFID      		CODE           	0E74	0000	10
		_MFRC522_Init  		CODE           	0C40	0000	78
		_MFRC522_Reset 		CODE           	0D5E	0000	42
		_MFRC522_AntennaOn		CODE           	0E50	0000	12
		_MFRC522_Clear_Bit		CODE           	0DCC	0000	26
		_MFRC522_AntennaOff		CODE           	0E5C	0000	12
		_motor_RFID    		CODE           	002A	0000	1090
		_InitPortDirections		CODE           	0E68	0000	12
		_MFRC522_Set_Bit		CODE           	0E2A	0000	20

TAD_RFID.c estimated size: 1686

C:\Program Files\Microchip\xc8\v3.00\pic\sources\c99\common\abs.c
		_abs           		CODE           	0CC4	0000	52

C:\Program Files\Microchip\xc8\v3.00\pic\sources\c99\common\abs.c estimated size: 52

C:\Program Files\Microchip\xc8\v3.00\pic\sources\c99\common\nf_fputc.c
		_fputc         		CODE           	0822	0000	186

C:\Program Files\Microchip\xc8\v3.00\pic\sources\c99\common\nf_fputc.c estimated size: 186

C:\Program Files\Microchip\xc8\v3.00\pic\sources\c99\common\nf_sprintf.c
		_sprintf       		CODE           	0BF0	0000	80

C:\Program Files\Microchip\xc8\v3.00\pic\sources\c99\common\nf_sprintf.c estimated size: 80

C:\Program Files\Microchip\xc8\v3.00\pic\sources\c99\common\awmod.c
		___awmod       		CODE           	08DC	0000	174

C:\Program Files\Microchip\xc8\v3.00\pic\sources\c99\common\awmod.c estimated size: 174

C:\Program Files\Microchip\xc8\v3.00\pic\sources\c99\common\putch.c
		_putch         		CODE           	0E94	0000	2

C:\Program Files\Microchip\xc8\v3.00\pic\sources\c99\common\putch.c estimated size: 2

shared
		__initialization		CODE           	0D2C	0000	36
		GetTecla@F3223 		MEDIUMCONST    	1EEF	0000	12

shared estimated size: 48

TAD_TECLADO.c
		_initTeclado   		CODE           	0DFE	0000	22
		_initPortsTeclado		CODE           	0E86	0000	8

TAD_TECLADO.c estimated size: 30

TAD_TIMER.c
		_TI_NewTimer   		CODE           	0B48	0000	86
		_RSI_Timer0    		CODE           	0DE6	0000	24
		_TI_Init       		CODE           	0CF8	0000	52

TAD_TIMER.c estimated size: 162

C:\Program Files\Microchip\xc8\v3.00\pic\sources\c99\common\awdiv.c
		___awdiv       		CODE           	0760	0000	194

C:\Program Files\Microchip\xc8\v3.00\pic\sources\c99\common\awdiv.c estimated size: 194

main.c
		_main          		CODE           	0D88	0000	40
		_HighRSI       		CODE           	0008	0000	28
		_initPorts     		CODE           	0E8E	0000	6
		_LowRSI        		CODE           	0018	0000	14

main.c estimated size: 88

C:\Program Files\Microchip\xc8\v3.00\pic\sources\c99\common\doprnt.c
		_vfpfcnvrt     		CODE           	046C	0000	516
		_vfprintf      		CODE           	0B9E	0000	82

C:\Program Files\Microchip\xc8\v3.00\pic\sources\c99\common\doprnt.c estimated size: 598

