Microchip MPLAB XC8 Compiler V3.00

Linker command line:

-W-3 \
  --edf=C:\Program Files\Microchip\xc8\v3.00\pic\dat\20241204225717_en.msgs \
  -cn -h+dist/debug/production\gerard.pc-axel.maynes_P2FA.X.production.sym \
  --cmf=dist/debug/production\gerard.pc-axel.maynes_P2FA.X.production.cmf \
  -z -Q18F4321 -oC:\Users\gerar\AppData\Local\Temp\xcAs9kg.\driver_tmp_3.o \
  --defsym=__MPLAB_BUILD=1 --fixupoverflow=error \
  -Mdist/debug/production/gerard.pc-axel.maynes_P2FA.X.production.map \
  --md=C:\Users\gerar\AppData\Local\Temp\xcAs9kg.\driver_tmp_0.dat -E1 \
  -ver=XC8 Compiler -ACODE=00h-01FFFh -ACONST=00h-01FFFh \
  -ASMALLCONST=0200h-02FFhx30 -AMEDIUMCONST=0200h-01FFFh -ACOMRAM=01h-07Fh \
  -AABS1=00h-01FFh -ABIGRAM=01h-01FFh -ARAM=080h-0FFh,0100h-01FFh \
  -ABANK0=080h-0FFh -ABANK1=0100h-01FFh -ASFR=0F80h-0FFFh \
  -ABIGSFR=0F80h-0FFFh -ACONFIG=0300000h-030000Dh -AIDLOC=0200000h-0200007h \
  -AEEDATA=0F00000h-0F000FFh -peeprom_data=EEDATA \
  -preset_vec=00h,intcode=8h,intcodelo=18h,sivt_lo,sivt_hi=CODE \
  -ppowerup=CODE,init -pramtop=0200h -psmallconst=SMALLCONST \
  -pmediumconst=MEDIUMCONST -pconst=CONST -AFARRAM=00h-00h \
  -prdata=COMRAM,nvrram=COMRAM,nvbit=COMRAM,rbss=COMRAM,rbit=COMRAM \
  -pfarbss=FARRAM,fardata=FARRAM,nvFARRAM=FARRAM \
  -pintsave_regs=BIGRAM,bigbss=BIGRAM,bigdata=BIGRAM -pbss=RAM \
  -pidata=CODE,irdata=CODE,ibigdata=CODE,ifardata=CODE -prparam=COMRAM \
  C:\Users\gerar\AppData\Local\Temp\xcAs9kg.\driver_tmp_9.o \
  dist/debug/production\gerard.pc-axel.maynes_P2FA.X.production.o 

Object code version is 3.11

Machine type is 18F4321



                Name                               Link     Load   Length Selector   Space Scale
C:\Users\gerar\AppData\Local\Temp\xcAs9kg.\driver_tmp_9.o
                idloc                            200000   200000        8        0       5
                config                           300000   300000        E        0       4
                init                                 26       26        4        C       0
                reset_vec                             0        0        4        0       0
dist/debug/production\gerard.pc-axel.maynes_P2FA.X.production.o
                intcodelo                            18       18        E        C       0
                intcode                               8        8        6        4       0
                idloc                            200000   200000        8        0       5
                config                           300000   300000        E        0       4
                temp                                 7D       7D        1        1       1
                mediumconst                        1E6A     1E6A      196      F35       0
                text52                             1A8A     1A8A       18        C       0
                intcode_body                       1B08     1B08        A        C       0
                text49                             15AC     15AC       64        C       0
                text48                             1548     1548       64        C       0
                text47                             18F8     18F8       32        C       0
                text46                             12A0     12A0       76        C       0
                text45                             1856     1856       3C        C       0
                text44                             17C8     17C8       4C        C       0
                text43                             19CA     19CA       24        C       0
                text42                             1892     1892       34        C       0
                text41                             1ACA     1ACA       14        C       0
                text40                              DD4      DD4       EE        C       0
                text39                             192A     192A       2A        C       0
                text38                             1ADE     1ADE       10        C       0
                text37                             1726     1726       54        C       0
                text36                             1AEE     1AEE        E        C       0
                text35                             1B1A     1B1A        8        C       0
                text34                             1A72     1A72       18        C       0
                text33                             1670     1670       5C        C       0
                text32                             106A     106A       CE        C       0
                text31                             14DC     14DC       6C        C       0
                text30                              F96      F96       D4        C       0
                text29                             1A5A     1A5A       18        C       0
                text28                             1610     1610       60        C       0
                text27                             1B28     1B28        6        C       0
                text26                             197C     197C       28        C       0
                text25                             1954     1954       28        C       0
                text24                             1A42     1A42       18        C       0
                text23                              CD8      CD8       FC        C       0
                text22                             1AFC     1AFC        C        C       0
                text21                             1B32     1B32        4        C       0
                text20                             1AB6     1AB6       14        C       0
                text19                             1AA2     1AA2       14        C       0
                text18                             146E     146E       6E        C       0
                text17                             1B2E     1B2E        4        C       0
                text16                             16CC     16CC       5A        C       0
                text15                             1A10     1A10       1A        C       0
                text14                             13FC     13FC       72        C       0
                text13                             1A2A     1A2A       18        C       0
                text12                              68A      68A      2EE        C       0
                text11                             19A4     19A4       26        C       0
                text10                              978      978      22A        C       0
                text9                              177A     177A       4E        C       0
                text8                               EC2      EC2       D4        C       0
                text7                               BA2      BA2      136        C       0
                text6                              1B12     1B12        8        C       0
                text5                                2A       2A      660        C       0
                text4                              18C6     18C6       32        C       0
                text3                              1204     1204       9C        C       0
                text2                              1316     1316       74        C       0
                text1                              1138     1138       CC        C       0
                text0                              1814     1814       42        C       0
                cstackCOMRAM                         55       55       22        1       1
                bssBANK1                            100      100       50      100       1
                dataBANK0                            C3       C3       22       80       1
                bssBANK0                             80       80       43       80       1
                dataCOMRAM                           77       77        6        1       1
                bssCOMRAM                             1        1       54        1       1
                cinit                              138A     138A       72        C       0
                idataBANK0                         19EE     19EE       22        C       0
                idataCOMRAM                        1B22     1B22        6        C       0

TOTAL           Name                               Link     Load   Length     Space
        CLASS   CODE           
                intcodelo                            18       18        E         0
                intcode                               8        8        6         0
                init                                 26       26        4         0
                reset_vec                             0        0        4         0
                text52                             1A8A     1A8A       18         0
                intcode_body                       1B08     1B08        A         0
                text49                             15AC     15AC       64         0
                text48                             1548     1548       64         0
                text47                             18F8     18F8       32         0
                text46                             12A0     12A0       76         0
                text45                             1856     1856       3C         0
                text44                             17C8     17C8       4C         0
                text43                             19CA     19CA       24         0
                text42                             1892     1892       34         0
                text41                             1ACA     1ACA       14         0
                text40                              DD4      DD4       EE         0
                text39                             192A     192A       2A         0
                text38                             1ADE     1ADE       10         0
                text37                             1726     1726       54         0
                text36                             1AEE     1AEE        E         0
                text35                             1B1A     1B1A        8         0
                text34                             1A72     1A72       18         0
                text33                             1670     1670       5C         0
                text32                             106A     106A       CE         0
                text31                             14DC     14DC       6C         0
                text30                              F96      F96       D4         0
                text29                             1A5A     1A5A       18         0
                text28                             1610     1610       60         0
                text27                             1B28     1B28        6         0
                text26                             197C     197C       28         0
                text25                             1954     1954       28         0
                text24                             1A42     1A42       18         0
                text23                              CD8      CD8       FC         0
                text22                             1AFC     1AFC        C         0
                text21                             1B32     1B32        4         0
                text20                             1AB6     1AB6       14         0
                text19                             1AA2     1AA2       14         0
                text18                             146E     146E       6E         0
                text17                             1B2E     1B2E        4         0
                text16                             16CC     16CC       5A         0
                text15                             1A10     1A10       1A         0
                text14                             13FC     13FC       72         0
                text13                             1A2A     1A2A       18         0
                text12                              68A      68A      2EE         0
                text11                             19A4     19A4       26         0
                text10                              978      978      22A         0
                text9                              177A     177A       4E         0
                text8                               EC2      EC2       D4         0
                text7                               BA2      BA2      136         0
                text6                              1B12     1B12        8         0
                text5                                2A       2A      660         0
                text4                              18C6     18C6       32         0
                text3                              1204     1204       9C         0
                text2                              1316     1316       74         0
                text1                              1138     1138       CC         0
                text0                              1814     1814       42         0
                cinit                              138A     138A       72         0
                idataBANK0                         19EE     19EE       22         0
                idataCOMRAM                        1B22     1B22        6         0

        CLASS   CONST          

        CLASS   SMALLCONST     

        CLASS   MEDIUMCONST    
                mediumconst                        1E6A     1E6A      196         0

        CLASS   COMRAM         
                temp                                 7D       7D        1         1
                cstackCOMRAM                         55       55       22         1
                dataCOMRAM                           77       77        6         1
                bssCOMRAM                             1        1       54         1

        CLASS   ABS1           

        CLASS   BIGRAM         

        CLASS   RAM            

        CLASS   BANK0          
                dataBANK0                            C3       C3       22         1
                bssBANK0                             80       80       43         1

        CLASS   BANK1          
                bssBANK1                            100      100       50         1

        CLASS   SFR            

        CLASS   BIGSFR         

        CLASS   CONFIG         
                config                           300000   300000        E         4

        CLASS   IDLOC          
                idloc                            200000   200000        8         5

        CLASS   EEDATA         

        CLASS   FARRAM         

        CLASS   HEAP           

        CLASS   STACK          



SEGMENTS        Name                           Load    Length   Top    Selector   Space  Class

                reset_vec                      000000  000004  000004         0       0  CODE    
                bssCOMRAM                      000001  00007D  00007E         1       1  COMRAM  
                intcode                        000008  000006  00000E         4       0  CODE    
                intcodelo                      000018  001B1E  001B36         C       0  CODE    
                bssBANK0                       000080  000065  0000E5        80       1  BANK0   
                bssBANK1                       000100  000050  000150       100       1  BANK1   
                mediumconst                    001E6A  000196  002000       F35       0  MEDIUMCO


UNUSED ADDRESS RANGES

        Name                Unused          Largest block    Delta
        BANK0            0000E5-0000FF               1B
        BANK1            000150-0001FF               B0
        BIGRAM           00007E-00007F                2
                         0000E5-0000FF               1B
                         000150-0001FF               B0
        BIGSFR           000F80-000FFF               80
        CODE             000004-000007                4
                         00000E-000017                A
                         001B36-001E69              334
        COMRAM           00007E-00007F                2
        CONST            000004-000007                4
                         00000E-000017                A
                         001B36-001E69              334
        EEDATA           F00000-F000FF              100
        MEDIUMCONST      001B36-001E69              334
        RAM              0000E5-0000FF               1B
                         000150-0001FF               B0
        SFR              000F80-000FFF               80
        SMALLCONST       001B36-001E69              100

                                  Symbol Table

?_TI_GetTics                              cstackCOMRAM 000056
?_Terminal_TXAvailable                    cstackCOMRAM 000056
CantaData@Data                            cstackCOMRAM 000058
CantaIR@IR                                cstackCOMRAM 000058
CantaPartAlta@c                           cstackCOMRAM 000057
CantaPartBaixa@c                          cstackCOMRAM 000057
EscriuPrimeraOrdre@ordre                  cstackCOMRAM 000057
Espera@Timer                              cstackCOMRAM 000063
Espera@ms                                 cstackCOMRAM 000065
GetTecla@columna                          cstackCOMRAM 000058
GetTecla@fila                             cstackCOMRAM 000059
LcGotoXY@Column                           cstackCOMRAM 000072
LcGotoXY@Fisics                           cstackCOMRAM 000070
LcGotoXY@Row                              cstackCOMRAM 00006B
LcInit@columns                            cstackCOMRAM 00006B
LcInit@i                                  cstackCOMRAM 00006D
LcInit@rows                               cstackCOMRAM 00006C
LcPutChar@c                               cstackCOMRAM 000073
TI_GetTics@CopiaTicsActual                cstackCOMRAM 00005E
TI_GetTics@TimerHandle                    cstackCOMRAM 000062
TI_Init@counter                           cstackCOMRAM 000056
TI_NewTimer@Comptador                     cstackCOMRAM 000058
TI_NewTimer@TimerHandle                   cstackCOMRAM 000056
TI_ResetTics@TimerHandle                  cstackCOMRAM 000056
Terminal_SendChar@c                       cstackCOMRAM 000059
_ADCON1                                   (abs)        000FC1
_ActualLeds                               bssBANK0     0000B8
_BAUDCON                                  (abs)        000FB8
_CantaData                                text4        0018C6
_CantaIR                                  text47       0018F8
_CantaPartAlta                            text49       0015AC
_CantaPartBaixa                           text48       001548
_ColumnAct                                bssCOMRAM    00003C
_Columnas                                 bssCOMRAM    000025
_Columns                                  bssCOMRAM    00003E
_EscriuPrimeraOrdre                       text46       0012A0
_Espera                                   text42       001892
_Filas                                    bssCOMRAM    000026
_GetTecla                                 text28       001610
_HighRSI                                  intcode      000008
_INTCONbits                               (abs)        000FF2
_LATA                                     (abs)        000F89
_LATBbits                                 (abs)        000F8A
_LATCbits                                 (abs)        000F8B
_LATD                                     (abs)        000F8C
_LATEbits                                 (abs)        000F8D
_LcGotoXY                                 text3        001204
_LcGotoXY$404                             cstackCOMRAM 00006E
_LcInit                                   text40       000DD4
_LcPutChar                                text2        001316
_LowRSI                                   intcodelo    000018
_PIR1bits                                 (abs)        000F9E
_PORTCbits                                (abs)        000F82
_PORTD                                    (abs)        000F83
_RCREG                                    (abs)        000FAE
_RCSTA                                    (abs)        000FAB
_RSI_Timer0                               text52       001A8A
_RowAct                                   bssCOMRAM    00003D
_Rows                                     bssCOMRAM    00003F
_SPBRG                                    (abs)        000FAF
_T0CON                                    (abs)        000FD5
_TI_GetTics                               text44       0017C8
_TI_Init                                  text39       00192A
_TI_NewTimer                              text45       001856
_TI_ResetTics                             text43       0019CA
_TMR0                                     (abs)        000FD6
_TMR0IF                                   (abs)        007F92
_TRISA                                    (abs)        000F92
_TRISBbits                                (abs)        000F93
_TRISCbits                                (abs)        000F94
_TRISD                                    (abs)        000F95
_TRISE                                    (abs)        000F96
_TRISEbits                                (abs)        000F96
_TXREG                                    (abs)        000FAD
_TXSTA                                    (abs)        000FAC
_Terminal_Init                            text38       001ADE
_Terminal_RXAvailable                     text22       001AFC
_Terminal_ReceiveChar                     text21       001B32
_Terminal_SendChar                        text19       001AA2
_Terminal_TXAvailable                     text20       001AB6
_Tics                                     bssCOMRAM    000007
_Timer                                    bssCOMRAM    000054
_Timers                                   bssBANK0     00009E
_WaitForBusy                              text41       001ACA
__HRAM                                    (abs)        000000
__H__absolute__                           __absolute__ 000000
__Habs1                                   abs1         000000
__Hbank0                                  bank0        000000
__Hbank1                                  bank1        000000
__Hbigbss                                 bigbss       000000
__Hbigdata                                bigdata      000000
__Hbigram                                 bigram       000000
__Hbigsfr                                 bigsfr       000000
__Hbss                                    bss          000000
__HbssBANK0                               bssBANK0     000000
__HbssBANK1                               bssBANK1     000000
__HbssCOMRAM                              bssCOMRAM    000000
__Hcinit                                  cinit        000000
__Hclrtext                                clrtext      000000
__Hcomram                                 comram       000000
__Hconfig                                 config       30000E
__Hconst                                  const        000000
__HcstackCOMRAM                           cstackCOMRAM 000000
__Hdata                                   data         000000
__HdataBANK0                              dataBANK0    000000
__HdataCOMRAM                             dataCOMRAM   000000
__Heeprom_data                            eeprom_data  000000
__Hfarbss                                 farbss       000000
__Hfardata                                fardata      000000
__Hheap                                   heap         000000
__Hibigdata                               ibigdata     000000
__Hidata                                  idata        000000
__HidataBANK0                             idataBANK0   000000
__HidataCOMRAM                            idataCOMRAM  000000
__Hidloc                                  idloc        200008
__Hifardata                               ifardata     000000
__Hinit                                   init         00002A
__Hintcode                                intcode      00000E
__Hintcode_body                           intcode_body 000000
__Hintcodelo                              intcodelo    000026
__Hintentry                               intentry     000000
__Hintret                                 intret       000000
__Hintsave_regs                           intsave_regs 000000
__Hirdata                                 irdata       000000
__Hmediumconst                            mediumconst  002000
__HnvFARRAM                               nvFARRAM     000000
__Hnvbit                                  nvbit        000000
__Hnvrram                                 nvrram       000000
__Hparam                                  rparam       000000
__Hpowerup                                powerup      000000
__Hram                                    ram          000000
__Hramtop                                 ramtop       000200
__Hrbit                                   rbit         000000
__Hrbss                                   rbss         000000
__Hrdata                                  rdata        000000
__Hreset_vec                              reset_vec    000004
__Hrparam                                 rparam       000000
__Hsfr                                    sfr          000000
__Hsivt_hi                                sivt_hi      000000
__Hsivt_lo                                sivt_lo      000026
__Hsmallconst                             smallconst   000000
__Hspace_0                                (abs)        002000
__Hspace_1                                (abs)        000150
__Hspace_2                                (abs)        000000
__Hspace_4                                (abs)        60000E
__Hstack                                  stack        000000
__Hstruct                                 struct       000000
__Htemp                                   temp         00007E
__Htext                                   text         000000
__Htext0                                  text0        000000
__Htext1                                  text1        000000
__Htext10                                 text10       000000
__Htext11                                 text11       000000
__Htext12                                 text12       000000
__Htext13                                 text13       000000
__Htext14                                 text14       000000
__Htext15                                 text15       000000
__Htext16                                 text16       000000
__Htext17                                 text17       000000
__Htext18                                 text18       000000
__Htext19                                 text19       000000
__Htext2                                  text2        000000
__Htext20                                 text20       000000
__Htext21                                 text21       000000
__Htext22                                 text22       000000
__Htext23                                 text23       000000
__Htext24                                 text24       000000
__Htext25                                 text25       000000
__Htext26                                 text26       000000
__Htext27                                 text27       000000
__Htext28                                 text28       000000
__Htext29                                 text29       000000
__Htext3                                  text3        000000
__Htext30                                 text30       000000
__Htext31                                 text31       000000
__Htext32                                 text32       000000
__Htext33                                 text33       000000
__Htext34                                 text34       000000
__Htext35                                 text35       000000
__Htext36                                 text36       000000
__Htext37                                 text37       000000
__Htext38                                 text38       000000
__Htext39                                 text39       000000
__Htext4                                  text4        000000
__Htext40                                 text40       000000
__Htext41                                 text41       000000
__Htext42                                 text42       000000
__Htext43                                 text43       000000
__Htext44                                 text44       000000
__Htext45                                 text45       000000
__Htext46                                 text46       000000
__Htext47                                 text47       000000
__Htext48                                 text48       000000
__Htext49                                 text49       000000
__Htext5                                  text5        000000
__Htext52                                 text52       000000
__Htext6                                  text6        000000
__Htext7                                  text7        000000
__Htext8                                  text8        000000
__Htext9                                  text9        000000
__LRAM                                    (abs)        000001
__L__absolute__                           __absolute__ 000000
__Labs1                                   abs1         000000
__Lbank0                                  bank0        000000
__Lbank1                                  bank1        000000
__Lbigbss                                 bigbss       000000
__Lbigdata                                bigdata      000000
__Lbigram                                 bigram       000000
__Lbigsfr                                 bigsfr       000000
__Lbss                                    bss          000000
__LbssBANK0                               bssBANK0     000000
__LbssBANK1                               bssBANK1     000000
__LbssCOMRAM                              bssCOMRAM    000000
__Lcinit                                  cinit        000000
__Lclrtext                                clrtext      000000
__Lcomram                                 comram       000000
__Lconfig                                 config       000000
__Lconst                                  const        000000
__LcstackCOMRAM                           cstackCOMRAM 000000
__Ldata                                   data         000000
__LdataBANK0                              dataBANK0    000000
__LdataCOMRAM                             dataCOMRAM   000000
__Leeprom_data                            eeprom_data  000000
__Lfarbss                                 farbss       000000
__Lfardata                                fardata      000000
__Lheap                                   heap         000000
__Libigdata                               ibigdata     000000
__Lidata                                  idata        000000
__LidataBANK0                             idataBANK0   000000
__LidataCOMRAM                            idataCOMRAM  000000
__Lidloc                                  idloc        000000
__Lifardata                               ifardata     000000
__Linit                                   init         000026
__Lintcode                                intcode      000008
__Lintcode_body                           intcode_body 000000
__Lintcodelo                              intcodelo    000018
__Lintentry                               intentry     000000
__Lintret                                 intret       000000
__Lintsave_regs                           intsave_regs 000000
__Lirdata                                 irdata       000000
__Lmediumconst                            mediumconst  001E6A
__LnvFARRAM                               nvFARRAM     000000
__Lnvbit                                  nvbit        000000
__Lnvrram                                 nvrram       000000
__Lparam                                  rparam       000000
__Lpowerup                                powerup      000000
__Lram                                    ram          000000
__Lramtop                                 ramtop       000200
__Lrbit                                   rbit         000000
__Lrbss                                   rbss         000000
__Lrdata                                  rdata        000000
__Lreset_vec                              reset_vec    000000
__Lrparam                                 rparam       000000
__Lsfr                                    sfr          000000
__Lsivt_hi                                sivt_hi      000000
__Lsivt_lo                                sivt_lo      000026
__Lsmallconst                             smallconst   000000
__Lspace_0                                (abs)        000000
__Lspace_1                                (abs)        000000
__Lspace_2                                (abs)        000000
__Lspace_4                                (abs)        000000
__Lstack                                  stack        000000
__Lstruct                                 struct       000000
__Ltemp                                   temp         00007D
__Ltext                                   text         000000
__Ltext0                                  text0        000000
__Ltext1                                  text1        000000
__Ltext10                                 text10       000000
__Ltext11                                 text11       000000
__Ltext12                                 text12       000000
__Ltext13                                 text13       000000
__Ltext14                                 text14       000000
__Ltext15                                 text15       000000
__Ltext16                                 text16       000000
__Ltext17                                 text17       000000
__Ltext18                                 text18       000000
__Ltext19                                 text19       000000
__Ltext2                                  text2        000000
__Ltext20                                 text20       000000
__Ltext21                                 text21       000000
__Ltext22                                 text22       000000
__Ltext23                                 text23       000000
__Ltext24                                 text24       000000
__Ltext25                                 text25       000000
__Ltext26                                 text26       000000
__Ltext27                                 text27       000000
__Ltext28                                 text28       000000
__Ltext29                                 text29       000000
__Ltext3                                  text3        000000
__Ltext30                                 text30       000000
__Ltext31                                 text31       000000
__Ltext32                                 text32       000000
__Ltext33                                 text33       000000
__Ltext34                                 text34       000000
__Ltext35                                 text35       000000
__Ltext36                                 text36       000000
__Ltext37                                 text37       000000
__Ltext38                                 text38       000000
__Ltext39                                 text39       000000
__Ltext4                                  text4        000000
__Ltext40                                 text40       000000
__Ltext41                                 text41       000000
__Ltext42                                 text42       000000
__Ltext43                                 text43       000000
__Ltext44                                 text44       000000
__Ltext45                                 text45       000000
__Ltext46                                 text46       000000
__Ltext47                                 text47       000000
__Ltext48                                 text48       000000
__Ltext49                                 text49       000000
__Ltext5                                  text5        000000
__Ltext52                                 text52       000000
__Ltext6                                  text6        000000
__Ltext7                                  text7        000000
__Ltext8                                  text8        000000
__Ltext9                                  text9        000000
__S0                                      (abs)        002000
__S1                                      (abs)        000150
__S4                                      (abs)        000000
__S5                                      (abs)        000000
___heap_hi                                (abs)        000000
___heap_lo                                (abs)        000000
___inthi_sp                               stack        000000
___inthi_stack_hi                         stack        000000
___inthi_stack_lo                         stack        000000
___intlo_sp                               stack        000000
___intlo_stack_hi                         stack        000000
___intlo_stack_lo                         stack        000000
___param_bank                             (abs)        000000
___rparam_used                            (abs)        000001
___sp                                     stack        000000
___stack_hi                               stack        000000
___stack_lo                               stack        000000
__accesstop                               (abs)        000080
__activetblptr                            (abs)        000002
__end_of_CantaData                        text4        0018F8
__end_of_CantaIR                          text47       00192A
__end_of_CantaPartAlta                    text49       001610
__end_of_CantaPartBaixa                   text48       0015AC
__end_of_EscriuPrimeraOrdre               text46       001316
__end_of_Espera                           text42       0018C6
__end_of_GetTecla                         text28       001670
__end_of_HighRSI                          intcode_body 001B12
__end_of_LcGotoXY                         text3        0012A0
__end_of_LcInit                           text40       000EC2
__end_of_LcPutChar                        text2        00138A
__end_of_LowRSI                           intcodelo    000026
__end_of_RSI_Timer0                       text52       001AA2
__end_of_TI_GetTics                       text44       001814
__end_of_TI_Init                          text39       001954
__end_of_TI_NewTimer                      text45       001892
__end_of_TI_ResetTics                     text43       0019EE
__end_of_Terminal_Init                    text38       001AEE
__end_of_Terminal_RXAvailable             text22       001B08
__end_of_Terminal_ReceiveChar             text21       001B36
__end_of_Terminal_SendChar                text19       001AB6
__end_of_Terminal_TXAvailable             text20       001ACA
__end_of_WaitForBusy                      text41       001ADE
__end_of__initialization                  cinit        0013EE
__end_of_controlLED                       text9        0017C8
__end_of_delay_us                         text34       001A8A
__end_of_getActualLeds                    text16       001726
__end_of_getActualUID                     text18       0014DC
__end_of_getCurrentUserIndex              text17       001B32
__end_of_hashtag_pressed3s                text27       001B2E
__end_of_initData                         text37       00177A
__end_of_initLeds                         text36       001AFC
__end_of_initPorts                        text35       001B22
__end_of_initRFID                         text30       00106A
__end_of_initTeclado                      text29       001A72
__end_of_keymap                           mediumconst  001E88
__end_of_main                             text0        001856
__end_of_motorTeclado                     text23       000DD4
__end_of_motorTerminal                    text10       000BA2
__end_of_motor_LEDs                       text8        000F96
__end_of_motor_RFID                       text5        00068A
__end_of_motor_Read                       text32       001138
__end_of_motor_SendChar                   text15       001A2A
__end_of_motor_SendString                 text14       00146E
__end_of_motor_StartSendString            text13       001A42
__end_of_motor_Write                      text31       001548
__end_of_motor_datos                      text1        001204
__end_of_motor_setCurrentUser             text7        000CD8
__end_of_printfUID                        text12       000978
__end_of_processBit                       text33       0016CC
__end_of_saveHourToData                   text11       0019CA
__end_of_setIndex                         text6        001B1A
__end_of_setLEDIntensity                  text26       0019A4
__end_of_setLed                           text25       00197C
__end_of_writeColumnas                    text24       001A5A
__end_ofprintfUID@hex                     mediumconst  001E7C
__initialization                          cinit        00138A
__mediumconst                             mediumconst  001E6A
__pbssBANK0                               bssBANK0     000080
__pbssBANK1                               bssBANK1     000100
__pbssCOMRAM                              bssCOMRAM    000001
__pcinit                                  cinit        00138A
__pcstackCOMRAM                           cstackCOMRAM 000055
__pdataBANK0                              dataBANK0    0000C3
__pdataCOMRAM                             dataCOMRAM   000077
__pidataBANK0                             idataBANK0   0019EE
__pidataCOMRAM                            idataCOMRAM  001B22
__pintcode                                intcode      000008
__pintcode_body                           intcode_body 001B08
__pintcodelo                              intcodelo    000018
__pmediumconst                            mediumconst  001E6A
__ptext0                                  text0        001814
__ptext1                                  text1        001138
__ptext10                                 text10       000978
__ptext11                                 text11       0019A4
__ptext12                                 text12       00068A
__ptext13                                 text13       001A2A
__ptext14                                 text14       0013FC
__ptext15                                 text15       001A10
__ptext16                                 text16       0016CC
__ptext17                                 text17       001B2E
__ptext18                                 text18       00146E
__ptext19                                 text19       001AA2
__ptext2                                  text2        001316
__ptext20                                 text20       001AB6
__ptext21                                 text21       001B32
__ptext22                                 text22       001AFC
__ptext23                                 text23       000CD8
__ptext24                                 text24       001A42
__ptext25                                 text25       001954
__ptext26                                 text26       00197C
__ptext27                                 text27       001B28
__ptext28                                 text28       001610
__ptext29                                 text29       001A5A
__ptext3                                  text3        001204
__ptext30                                 text30       000F96
__ptext31                                 text31       0014DC
__ptext32                                 text32       00106A
__ptext33                                 text33       001670
__ptext34                                 text34       001A72
__ptext35                                 text35       001B1A
__ptext36                                 text36       001AEE
__ptext37                                 text37       001726
__ptext38                                 text38       001ADE
__ptext39                                 text39       00192A
__ptext4                                  text4        0018C6
__ptext40                                 text40       000DD4
__ptext41                                 text41       001ACA
__ptext42                                 text42       001892
__ptext43                                 text43       0019CA
__ptext44                                 text44       0017C8
__ptext45                                 text45       001856
__ptext46                                 text46       0012A0
__ptext47                                 text47       0018F8
__ptext48                                 text48       001548
__ptext49                                 text49       0015AC
__ptext5                                  text5        00002A
__ptext52                                 text52       001A8A
__ptext6                                  text6        001B12
__ptext7                                  text7        000BA2
__ptext8                                  text8        000EC2
__ptext9                                  text9        00177A
__ramtop                                  ramtop       000200
__smallconst                              mediumconst  001E6A
_card_timer                               bssCOMRAM    000050
_colValues                                dataCOMRAM   000077
_configurations                           bssBANK0     000080
_controlLED                               text9        00177A
_controlLED$455                           cstackCOMRAM 000057
_currentTime                              dataBANK0    0000DD
_currentUser                              bssCOMRAM    000040
_delay_us                                 text34       001A72
_getActualLeds                            text16       0016CC
_getActualUID                             text18       00146E
_getCurrentUserIndex                      text17       001B2E
_hashtag_pressed                          bssCOMRAM    000021
_hashtag_pressed3s                        text27       001B28
_index                                    dataCOMRAM   00007C
_initData                                 text37       001726
_initLeds                                 text36       001AEE
_initPorts                                text35       001B1A
_initRFID                                 text30       000F96
_initTeclado                              text29       001A5A
_keymap                                   mediumconst  001E7C
_main                                     text0        001814
_motorTeclado                             text23       000CD8
_motorTerminal                            text10       000978
_motor_LEDs                               text8        000EC2
_motor_RFID                               text5        00002A
_motor_RFID$726                           cstackCOMRAM 000073
_motor_Read                               text32       00106A
_motor_Read$688                           cstackCOMRAM 00005F
_motor_SendChar                           text15       001A10
_motor_SendString                         text14       0013FC
_motor_StartSendString                    text13       001A2A
_motor_Write                              text31       0014DC
_motor_datos                              text1        001138
_motor_datos$914                          cstackCOMRAM 000074
_motor_setCurrentUser                     text7        000BA2
_new_configuration                        bssCOMRAM    00001C
_new_user                                 bssCOMRAM    00001B
_printfUID                                text12       00068A
_processBit                               text33       001670
_saveHourToData                           text11       0019A4
_sending_string                           bssCOMRAM    000020
_setIndex                                 text6        001B12
_setLEDIntensity                          text26       00197C
_setLed                                   text25       001954
_state                                    bssCOMRAM    000023
_state_read                               bssCOMRAM    000052
_state_str                                bssCOMRAM    000022
_state_write                              bssCOMRAM    000051
_str_ptr                                  bssCOMRAM    00000F
_tecla                                    bssCOMRAM    000024
_timer                                    bssCOMRAM    000053
_timer@TAD_TECLADO$F744                   bssCOMRAM    00004A
_userUIDs                                 dataBANK0    0000C3
_writeColumnas                            text24       001A42
btemp                                     temp         00007D
controlLED@estado                         cstackCOMRAM 000056
controlLED@ledActual                      cstackCOMRAM 000059
controlLED@ledBits                        dataBANK0    0000D7
delay_us@howMany                          cstackCOMRAM 000056
delay_us@x                                cstackCOMRAM 000057
end_of_initialization                     cinit        0013EE
getActualLeds@i                           cstackCOMRAM 000058
getActualLeds@i_895                       cstackCOMRAM 000059
getActualLeds@leds                        cstackCOMRAM 000056
getActualLeds@userIndex                   cstackCOMRAM 000057
getActualUID@UID                          cstackCOMRAM 000056
getActualUID@i                            cstackCOMRAM 000059
getActualUID@i_889                        cstackCOMRAM 000058
getActualUID@i_890                        cstackCOMRAM 00005A
getActualUID@userIndex                    cstackCOMRAM 000057
initData@i                                cstackCOMRAM 000056
initData@i_882                            cstackCOMRAM 000059
initData@i_884                            cstackCOMRAM 000058
initData@j                                cstackCOMRAM 000057
initRFID@regVal                           cstackCOMRAM 000061
int$flags                                 temp         00007D
int_func                                  intcode_body 001B08
intlevel0                                 text         000000
intlevel1                                 text         000000
intlevel2                                 text         000000
intlevel3                                 text         000000
isa$std                                   (abs)        000001
isa$xinst                                 (abs)        000000
motorTerminal@currentUser                 bssBANK0     0000BE
motorTerminal@currentUserIndex            cstackCOMRAM 00006D
motorTerminal@hour                        dataBANK0    0000E1
motorTerminal@index                       bssCOMRAM    00001E
motorTerminal@opcion                      cstackCOMRAM 00006C
motorTerminal@state                       bssCOMRAM    00001F
motorTerminal@userNumber                  bssCOMRAM    00001D
motor_LEDs@currentTics                    cstackCOMRAM 000068
motor_LEDs@i                              cstackCOMRAM 00006C
motor_LEDs@i_461                          cstackCOMRAM 00006D
motor_LEDs@lastTics                       bssCOMRAM    00000B
motor_RFID@TagType                        bssCOMRAM    000033
motor_RFID@UID                            bssCOMRAM    000001
motor_RFID@addr                           bssCOMRAM    000028
motor_RFID@allZero                        bssCOMRAM    000031
motor_RFID@backBitsCalc                   bssCOMRAM    00002D
motor_RFID@cardRemoved                    bssCOMRAM    00002C
motor_RFID@checksum                       bssCOMRAM    000032
motor_RFID@currentUser                    bssCOMRAM    000045
motor_RFID@fifoLevel                      bssCOMRAM    00002E
motor_RFID@flag                           cstackCOMRAM 000075
motor_RFID@i                              bssCOMRAM    000035
motor_RFID@irqEn                          bssCOMRAM    000038
motor_RFID@lastBitsVal                    bssCOMRAM    00002F
motor_RFID@last_state                     bssCOMRAM    00002A
motor_RFID@n                              bssCOMRAM    000036
motor_RFID@operation_pending              bssCOMRAM    000029
motor_RFID@state                          bssCOMRAM    00003A
motor_RFID@substate                       bssCOMRAM    000039
motor_RFID@tempRegValue                   bssCOMRAM    000030
motor_RFID@value                          bssCOMRAM    000027
motor_RFID@waitIRq                        bssCOMRAM    000037
motor_Read@addr                           cstackCOMRAM 00005E
motor_Read@bit_count                      bssCOMRAM    00004C
motor_Read@timeout_counter                bssCOMRAM    000013
motor_Read@ucAddr                         bssCOMRAM    00004B
motor_Read@ucResult                       bssCOMRAM    00003B
motor_SendChar@c                          cstackCOMRAM 000059
motor_StartSendString@str                 cstackCOMRAM 00005A
motor_Write@addr                          cstackCOMRAM 00005E
motor_Write@bit_count                     bssCOMRAM    00004F
motor_Write@ucAddr                        bssCOMRAM    00004E
motor_Write@ucValue                       bssCOMRAM    00004D
motor_Write@value                         cstackCOMRAM 00005D
motor_datos@i                             cstackCOMRAM 000076
motor_datos@lastChar                      bssCOMRAM    000017
motor_datos@pointer                       bssCOMRAM    000018
motor_datos@state                         bssCOMRAM    000019
motor_setCurrentUser@UID0                 cstackCOMRAM 000070
motor_setCurrentUser@UID1                 cstackCOMRAM 00006C
motor_setCurrentUser@UID2                 cstackCOMRAM 00006D
motor_setCurrentUser@UID3                 cstackCOMRAM 00006E
motor_setCurrentUser@UID4                 cstackCOMRAM 00006F
motor_setCurrentUser@state_setCurrentUser bssCOMRAM    00001A
printfUID@buffer                          bssBANK1     000100
printfUID@currentUser                     cstackCOMRAM 00005C
printfUID@extraString                     cstackCOMRAM 00005E
printfUID@hex                             mediumconst  001E6B
printfUID@i                               cstackCOMRAM 000069
printfUID@leds                            cstackCOMRAM 000062
printfUID@ptr                             cstackCOMRAM 00006A
printfUID@userIndex                       cstackCOMRAM 00005D
printfUID@val                             cstackCOMRAM 000068
processBit@bit_count                      cstackCOMRAM 000059
processBit@next_state                     cstackCOMRAM 00005B
processBit@state                          cstackCOMRAM 00005A
processBit@val                            cstackCOMRAM 000058
saveHourToData@hour                       cstackCOMRAM 000056
saveHourToData@i                          cstackCOMRAM 000057
setIndex@indexActual                      cstackCOMRAM 000056
setLEDIntensity@intensity                 cstackCOMRAM 000057
setLEDIntensity@ledIndex                  cstackCOMRAM 000056
setLEDIntensity@userIndex                 cstackCOMRAM 000058
setLed@ledIndex                           bssCOMRAM    000015
setLed@modeLED                            bssCOMRAM    000016
setLed@tecla                              cstackCOMRAM 000059
stackhi                                   (abs)        000000
stacklo                                   (abs)        000000
start                                     init         000026
start_initialization                      cinit        00138A
ttemp5                                    temp         00007E
ttemp6                                    temp         000081
ttemp7                                    temp         000085
wtemp8                                    temp         00007E


MODULE INFORMATION

Module		Function		Class		Link	Load	Size
TAD_TERMINAL.c
		_Terminal_ReceiveChar		CODE           	1B32	0000	4
		_Terminal_Init 		CODE           	1ADE	0000	16
		_printfUID     		CODE           	068A	0000	750
		_motorTerminal 		CODE           	0978	0000	554
		_Terminal_SendChar		CODE           	1AA2	0000	20
		_hashtag_pressed3s		CODE           	1B28	0000	6
		_Terminal_RXAvailable		CODE           	1AFC	0000	12
		_Terminal_TXAvailable		CODE           	1AB6	0000	20
		_motor_SendString		CODE           	13FC	0000	114
		_motor_SendChar		CODE           	1A10	0000	26
		_motor_StartSendString		CODE           	1A2A	0000	24

TAD_TERMINAL.c estimated size: 1546

TAD_RFID.c
		_processBit    		CODE           	1670	0000	92
		_delay_us      		CODE           	1A72	0000	24
		_motor_Write   		CODE           	14DC	0000	108
		_initRFID      		CODE           	0F96	0000	212
		_motor_RFID    		CODE           	002A	0000	1632
		_motor_Read    		CODE           	106A	0000	206

TAD_RFID.c estimated size: 2274

TAD_DISPLAY.c
		_LcPutChar     		CODE           	1316	0000	116
		_EscriuPrimeraOrdre		CODE           	12A0	0000	118
		_WaitForBusy   		CODE           	1ACA	0000	20
		_LcGotoXY      		CODE           	1204	0000	156
		_CantaData     		CODE           	18C6	0000	50
		_LcInit        		CODE           	0DD4	0000	238
		_CantaPartAlta 		CODE           	15AC	0000	100
		_Espera        		CODE           	1892	0000	52
		_CantaIR       		CODE           	18F8	0000	50
		_CantaPartBaixa		CODE           	1548	0000	100

TAD_DISPLAY.c estimated size: 1000

TAD_LEDS.c
		_controlLED    		CODE           	177A	0000	78
		_initLeds      		CODE           	1AEE	0000	14
		_motor_LEDs    		CODE           	0EC2	0000	212

TAD_LEDS.c estimated size: 304

TAD_DATOS.c
		_setLEDIntensity		CODE           	197C	0000	40
		_motor_datos   		CODE           	1138	0000	204
		_motor_setCurrentUser		CODE           	0BA2	0000	310
		_getCurrentUserIndex		CODE           	1B2E	0000	4
		_getActualUID  		CODE           	146E	0000	110
		_saveHourToData		CODE           	19A4	0000	38
		_getActualLeds 		CODE           	16CC	0000	90
		_setIndex      		CODE           	1B12	0000	8
		_setLed        		CODE           	1954	0000	40
		_initData      		CODE           	1726	0000	84

TAD_DATOS.c estimated size: 928

shared
		_keymap        		MEDIUMCONST    	1E7C	0000	12
		printfUID@hex  		MEDIUMCONST    	1E6B	0000	17
		__initialization		CODE           	138A	0000	100

shared estimated size: 129

TAD_TECLADO.c
		_motorTeclado  		CODE           	0CD8	0000	252
		_writeColumnas 		CODE           	1A42	0000	24
		_initTeclado   		CODE           	1A5A	0000	24
		_GetTecla      		CODE           	1610	0000	96

TAD_TECLADO.c estimated size: 396

TAD_TIMER.c
		_TI_ResetTics  		CODE           	19CA	0000	36
		_TI_NewTimer   		CODE           	1856	0000	60
		_RSI_Timer0    		CODE           	1A8A	0000	24
		_TI_Init       		CODE           	192A	0000	42
		_TI_GetTics    		CODE           	17C8	0000	76

TAD_TIMER.c estimated size: 238

main.c
		_main          		CODE           	1814	0000	66
		_HighRSI       		CODE           	0008	0000	16
		_initPorts     		CODE           	1B1A	0000	8
		_LowRSI        		CODE           	0018	0000	14

main.c estimated size: 104

